Sep  9 01:08:31 cu-cs-vm rsyslogd: [origin software="rsyslogd" swVersion="8.16.0" x-pid="829" x-info="http://www.rsyslog.com"] rsyslogd was HUPed
Sep  9 01:08:40 cu-cs-vm anacron[813]: Job `cron.daily' terminated
Sep  9 01:08:40 cu-cs-vm anacron[813]: Normal exit (1 job run)
Sep  9 01:13:31 cu-cs-vm uptimed: moving up to position 5: 0 days, 00:10:26
Sep  9 01:15:54 cu-cs-vm dhclient[970]: DHCPREQUEST of 192.168.85.136 on ens33 to 192.168.85.254 port 67 (xid=0x61cfdbca)
Sep  9 01:15:54 cu-cs-vm dhclient[970]: DHCPACK of 192.168.85.136 from 192.168.85.254
Sep  9 01:15:54 cu-cs-vm NetworkManager[883]: <info>  [1568013354.3645]   address 192.168.85.136
Sep  9 01:15:54 cu-cs-vm NetworkManager[883]: <info>  [1568013354.3645]   plen 24 (255.255.255.0)
Sep  9 01:15:54 cu-cs-vm NetworkManager[883]: <info>  [1568013354.3646]   gateway 192.168.85.2
Sep  9 01:15:54 cu-cs-vm NetworkManager[883]: <info>  [1568013354.3646]   server identifier 192.168.85.254
Sep  9 01:15:54 cu-cs-vm NetworkManager[883]: <info>  [1568013354.3646]   lease time 1800
Sep  9 01:15:54 cu-cs-vm NetworkManager[883]: <info>  [1568013354.3646]   nameserver '192.168.85.2'
Sep  9 01:15:54 cu-cs-vm NetworkManager[883]: <info>  [1568013354.3646]   domain name 'localdomain'
Sep  9 01:15:54 cu-cs-vm NetworkManager[883]: <info>  [1568013354.3646]   wins '192.168.85.2'
Sep  9 01:15:54 cu-cs-vm NetworkManager[883]: <info>  [1568013354.3646] dhcp4 (ens33): state changed bound -> bound
Sep  9 01:15:54 cu-cs-vm dbus[843]: [system] Activating via systemd: service name='org.freedesktop.nm_dispatcher' unit='dbus-org.freedesktop.nm-dispatcher.service'
Sep  9 01:15:54 cu-cs-vm systemd[1]: Starting Network Manager Script Dispatcher Service...
Sep  9 01:15:54 cu-cs-vm dhclient[970]: bound to 192.168.85.136 -- renewal in 773 seconds.
Sep  9 01:15:54 cu-cs-vm dbus[843]: [system] Successfully activated service 'org.freedesktop.nm_dispatcher'
Sep  9 01:15:54 cu-cs-vm systemd[1]: Started Network Manager Script Dispatcher Service.
Sep  9 01:15:54 cu-cs-vm nm-dispatcher: req:1 'dhcp4-change' [ens33]: new request (1 scripts)
Sep  9 01:15:54 cu-cs-vm nm-dispatcher: req:1 'dhcp4-change' [ens33]: start running ordered scripts...
Sep  9 01:17:01 cu-cs-vm CRON[2311]: (root) CMD (   cd / && run-parts --report /etc/cron.hourly)
Sep  9 01:18:51 cu-cs-vm systemd[1]: Starting Cleanup of Temporary Directories...
Sep  9 01:18:51 cu-cs-vm systemd-tmpfiles[2317]: [/usr/lib/tmpfiles.d/var.conf:14] Duplicate line for path "/var/log", ignoring.
Sep  9 01:18:51 cu-cs-vm systemd[1]: Started Cleanup of Temporary Directories.
Sep  9 01:28:47 cu-cs-vm dhclient[970]: DHCPREQUEST of 192.168.85.136 on ens33 to 192.168.85.254 port 67 (xid=0x61cfdbca)
Sep  9 01:28:47 cu-cs-vm dhclient[970]: DHCPACK of 192.168.85.136 from 192.168.85.254
Sep  9 01:28:47 cu-cs-vm NetworkManager[883]: <info>  [1568014127.7884]   address 192.168.85.136
Sep  9 01:28:47 cu-cs-vm NetworkManager[883]: <info>  [1568014127.7885]   plen 24 (255.255.255.0)
Sep  9 01:28:47 cu-cs-vm NetworkManager[883]: <info>  [1568014127.7885]   gateway 192.168.85.2
Sep  9 01:28:47 cu-cs-vm NetworkManager[883]: <info>  [1568014127.7885]   server identifier 192.168.85.254
Sep  9 01:28:47 cu-cs-vm NetworkManager[883]: <info>  [1568014127.7885]   lease time 1800
Sep  9 01:28:47 cu-cs-vm NetworkManager[883]: <info>  [1568014127.7885]   nameserver '192.168.85.2'
Sep  9 01:28:47 cu-cs-vm NetworkManager[883]: <info>  [1568014127.7885]   domain name 'localdomain'
Sep  9 01:28:47 cu-cs-vm NetworkManager[883]: <info>  [1568014127.7885]   wins '192.168.85.2'
Sep  9 01:28:47 cu-cs-vm NetworkManager[883]: <info>  [1568014127.7885] dhcp4 (ens33): state changed bound -> bound
Sep  9 01:28:47 cu-cs-vm dbus[843]: [system] Activating via systemd: service name='org.freedesktop.nm_dispatcher' unit='dbus-org.freedesktop.nm-dispatcher.service'
Sep  9 01:28:47 cu-cs-vm systemd[1]: Starting Network Manager Script Dispatcher Service...
Sep  9 01:28:47 cu-cs-vm dhclient[970]: bound to 192.168.85.136 -- renewal in 681 seconds.
Sep  9 01:28:47 cu-cs-vm dbus[843]: [system] Successfully activated service 'org.freedesktop.nm_dispatcher'
Sep  9 01:28:47 cu-cs-vm systemd[1]: Started Network Manager Script Dispatcher Service.
Sep  9 01:28:47 cu-cs-vm nm-dispatcher: req:1 'dhcp4-change' [ens33]: new request (1 scripts)
Sep  9 01:28:47 cu-cs-vm nm-dispatcher: req:1 'dhcp4-change' [ens33]: start running ordered scripts...
Sep  9 01:40:08 cu-cs-vm dhclient[970]: DHCPREQUEST of 192.168.85.136 on ens33 to 192.168.85.254 port 67 (xid=0x61cfdbca)
Sep  9 01:40:08 cu-cs-vm dhclient[970]: DHCPACK of 192.168.85.136 from 192.168.85.254
Sep  9 01:40:08 cu-cs-vm NetworkManager[883]: <info>  [1568014808.4007]   address 192.168.85.136
Sep  9 01:40:08 cu-cs-vm NetworkManager[883]: <info>  [1568014808.4009]   plen 24 (255.255.255.0)
Sep  9 01:40:08 cu-cs-vm NetworkManager[883]: <info>  [1568014808.4012]   gateway 192.168.85.2
Sep  9 01:40:08 cu-cs-vm NetworkManager[883]: <info>  [1568014808.4013]   server identifier 192.168.85.254
Sep  9 01:40:08 cu-cs-vm NetworkManager[883]: <info>  [1568014808.4015]   lease time 1800
Sep  9 01:40:08 cu-cs-vm NetworkManager[883]: <info>  [1568014808.4017]   nameserver '192.168.85.2'
Sep  9 01:40:08 cu-cs-vm NetworkManager[883]: <info>  [1568014808.4019]   domain name 'localdomain'
Sep  9 01:40:08 cu-cs-vm NetworkManager[883]: <info>  [1568014808.4021]   wins '192.168.85.2'
Sep  9 01:40:08 cu-cs-vm NetworkManager[883]: <info>  [1568014808.4023] dhcp4 (ens33): state changed bound -> bound
Sep  9 01:40:08 cu-cs-vm dbus[843]: [system] Activating via systemd: service name='org.freedesktop.nm_dispatcher' unit='dbus-org.freedesktop.nm-dispatcher.service'
Sep  9 01:40:08 cu-cs-vm systemd[1]: Starting Network Manager Script Dispatcher Service...
Sep  9 01:40:08 cu-cs-vm dhclient[970]: bound to 192.168.85.136 -- renewal in 841 seconds.
Sep  9 01:40:08 cu-cs-vm dbus[843]: [system] Successfully activated service 'org.freedesktop.nm_dispatcher'
Sep  9 01:40:08 cu-cs-vm systemd[1]: Started Network Manager Script Dispatcher Service.
Sep  9 01:40:08 cu-cs-vm nm-dispatcher: req:1 'dhcp4-change' [ens33]: new request (1 scripts)
Sep  9 01:40:08 cu-cs-vm nm-dispatcher: req:1 'dhcp4-change' [ens33]: start running ordered scripts...
Sep  9 01:54:09 cu-cs-vm dhclient[970]: DHCPREQUEST of 192.168.85.136 on ens33 to 192.168.85.254 port 67 (xid=0x61cfdbca)
Sep  9 01:54:09 cu-cs-vm dhclient[970]: DHCPACK of 192.168.85.136 from 192.168.85.254
Sep  9 01:54:09 cu-cs-vm NetworkManager[883]: <info>  [1568015649.6134]   address 192.168.85.136
Sep  9 01:54:09 cu-cs-vm NetworkManager[883]: <info>  [1568015649.6134]   plen 24 (255.255.255.0)
Sep  9 01:54:09 cu-cs-vm NetworkManager[883]: <info>  [1568015649.6134]   gateway 192.168.85.2
Sep  9 01:54:09 cu-cs-vm NetworkManager[883]: <info>  [1568015649.6134]   server identifier 192.168.85.254
Sep  9 01:54:09 cu-cs-vm NetworkManager[883]: <info>  [1568015649.6135]   lease time 1800
Sep  9 01:54:09 cu-cs-vm NetworkManager[883]: <info>  [1568015649.6135]   nameserver '192.168.85.2'
Sep  9 01:54:09 cu-cs-vm NetworkManager[883]: <info>  [1568015649.6135]   domain name 'localdomain'
Sep  9 01:54:09 cu-cs-vm NetworkManager[883]: <info>  [1568015649.6135]   wins '192.168.85.2'
Sep  9 01:54:09 cu-cs-vm NetworkManager[883]: <info>  [1568015649.6136] dhcp4 (ens33): state changed bound -> bound
Sep  9 01:54:09 cu-cs-vm dbus[843]: [system] Activating via systemd: service name='org.freedesktop.nm_dispatcher' unit='dbus-org.freedesktop.nm-dispatcher.service'
Sep  9 01:54:09 cu-cs-vm systemd[1]: Starting Network Manager Script Dispatcher Service...
Sep  9 01:54:09 cu-cs-vm dhclient[970]: bound to 192.168.85.136 -- renewal in 861 seconds.
Sep  9 01:54:09 cu-cs-vm dbus[843]: [system] Successfully activated service 'org.freedesktop.nm_dispatcher'
Sep  9 01:54:09 cu-cs-vm systemd[1]: Started Network Manager Script Dispatcher Service.
Sep  9 01:54:09 cu-cs-vm nm-dispatcher: req:1 'dhcp4-change' [ens33]: new request (1 scripts)
Sep  9 01:54:09 cu-cs-vm nm-dispatcher: req:1 'dhcp4-change' [ens33]: start running ordered scripts...
Sep  9 02:03:31 cu-cs-vm uptimed: moving up to position 4: 0 days, 01:00:26
Sep  9 02:08:30 cu-cs-vm dhclient[970]: DHCPREQUEST of 192.168.85.136 on ens33 to 192.168.85.254 port 67 (xid=0x61cfdbca)
Sep  9 02:08:30 cu-cs-vm dhclient[970]: DHCPACK of 192.168.85.136 from 192.168.85.254
Sep  9 02:08:30 cu-cs-vm NetworkManager[883]: <info>  [1568016510.7588]   address 192.168.85.136
Sep  9 02:08:30 cu-cs-vm NetworkManager[883]: <info>  [1568016510.7589]   plen 24 (255.255.255.0)
Sep  9 02:08:30 cu-cs-vm NetworkManager[883]: <info>  [1568016510.7589]   gateway 192.168.85.2
Sep  9 02:08:30 cu-cs-vm NetworkManager[883]: <info>  [1568016510.7589]   server identifier 192.168.85.254
Sep  9 02:08:30 cu-cs-vm NetworkManager[883]: <info>  [1568016510.7589]   lease time 1800
Sep  9 02:08:30 cu-cs-vm NetworkManager[883]: <info>  [1568016510.7589]   nameserver '192.168.85.2'
Sep  9 02:08:30 cu-cs-vm NetworkManager[883]: <info>  [1568016510.7589]   domain name 'localdomain'
Sep  9 02:08:30 cu-cs-vm NetworkManager[883]: <info>  [1568016510.7589]   wins '192.168.85.2'
Sep  9 02:08:30 cu-cs-vm NetworkManager[883]: <info>  [1568016510.7589] dhcp4 (ens33): state changed bound -> bound
Sep  9 02:08:30 cu-cs-vm dbus[843]: [system] Activating via systemd: service name='org.freedesktop.nm_dispatcher' unit='dbus-org.freedesktop.nm-dispatcher.service'
Sep  9 02:08:30 cu-cs-vm systemd[1]: Starting Network Manager Script Dispatcher Service...
Sep  9 02:08:30 cu-cs-vm dhclient[970]: bound to 192.168.85.136 -- renewal in 727 seconds.
Sep  9 02:08:30 cu-cs-vm dbus[843]: [system] Successfully activated service 'org.freedesktop.nm_dispatcher'
Sep  9 02:08:30 cu-cs-vm systemd[1]: Started Network Manager Script Dispatcher Service.
Sep  9 02:08:30 cu-cs-vm nm-dispatcher: req:1 'dhcp4-change' [ens33]: new request (1 scripts)
Sep  9 02:08:30 cu-cs-vm nm-dispatcher: req:1 'dhcp4-change' [ens33]: start running ordered scripts...
Sep  9 02:17:01 cu-cs-vm CRON[2488]: (root) CMD (   cd / && run-parts --report /etc/cron.hourly)
Sep  9 02:20:37 cu-cs-vm dhclient[970]: DHCPREQUEST of 192.168.85.136 on ens33 to 192.168.85.254 port 67 (xid=0x61cfdbca)
Sep  9 02:20:37 cu-cs-vm dhclient[970]: DHCPACK of 192.168.85.136 from 192.168.85.254
Sep  9 02:20:37 cu-cs-vm NetworkManager[883]: <info>  [1568017237.9365]   address 192.168.85.136
Sep  9 02:20:37 cu-cs-vm NetworkManager[883]: <info>  [1568017237.9366]   plen 24 (255.255.255.0)
Sep  9 02:20:37 cu-cs-vm NetworkManager[883]: <info>  [1568017237.9366]   gateway 192.168.85.2
Sep  9 02:20:37 cu-cs-vm NetworkManager[883]: <info>  [1568017237.9366]   server identifier 192.168.85.254
Sep  9 02:20:37 cu-cs-vm NetworkManager[883]: <info>  [1568017237.9366]   lease time 1800
Sep  9 02:20:37 cu-cs-vm NetworkManager[883]: <info>  [1568017237.9366]   nameserver '192.168.85.2'
Sep  9 02:20:37 cu-cs-vm NetworkManager[883]: <info>  [1568017237.9366]   domain name 'localdomain'
Sep  9 02:20:37 cu-cs-vm NetworkManager[883]: <info>  [1568017237.9366]   wins '192.168.85.2'
Sep  9 02:20:37 cu-cs-vm NetworkManager[883]: <info>  [1568017237.9367] dhcp4 (ens33): state changed bound -> bound
Sep  9 02:20:37 cu-cs-vm dbus[843]: [system] Activating via systemd: service name='org.freedesktop.nm_dispatcher' unit='dbus-org.freedesktop.nm-dispatcher.service'
Sep  9 02:20:37 cu-cs-vm systemd[1]: Starting Network Manager Script Dispatcher Service...
Sep  9 02:20:37 cu-cs-vm dhclient[970]: bound to 192.168.85.136 -- renewal in 870 seconds.
Sep  9 02:20:37 cu-cs-vm dbus[843]: [system] Successfully activated service 'org.freedesktop.nm_dispatcher'
Sep  9 02:20:37 cu-cs-vm systemd[1]: Started Network Manager Script Dispatcher Service.
Sep  9 02:20:37 cu-cs-vm nm-dispatcher: req:1 'dhcp4-change' [ens33]: new request (1 scripts)
Sep  9 02:20:37 cu-cs-vm nm-dispatcher: req:1 'dhcp4-change' [ens33]: start running ordered scripts...
Sep  9 02:20:43 cu-cs-vm kernel: [ 4657.277279] e1000: ens33 NIC Link is Down
Sep  9 02:20:43 cu-cs-vm NetworkManager[883]: <info>  [1568017243.1676] device (ens33): link disconnected (deferring action for 4 seconds)
Sep  9 02:20:47 cu-cs-vm NetworkManager[883]: <info>  [1568017247.2002] device (ens33): link connected
Sep  9 02:20:47 cu-cs-vm kernel: [ 4661.309479] e1000: ens33 NIC Link is Up 1000 Mbps Full Duplex, Flow Control: None
Sep  9 02:20:47 cu-cs-vm NetworkManager[883]: <info>  [1568017247.2005] device (ens33): DHCPv4 lease renewal requested
Sep  9 02:20:47 cu-cs-vm NetworkManager[883]: <info>  [1568017247.2175] dhcp4 (ens33): canceled DHCP transaction, DHCP client pid 970
Sep  9 02:20:47 cu-cs-vm NetworkManager[883]: <info>  [1568017247.2176] dhcp4 (ens33): state changed bound -> done
Sep  9 02:20:47 cu-cs-vm NetworkManager[883]: <info>  [1568017247.2179] dhcp4 (ens33): activation: beginning transaction (timeout in 45 seconds)
Sep  9 02:20:47 cu-cs-vm NetworkManager[883]: <info>  [1568017247.2197] dhcp4 (ens33): dhclient started with pid 2508
Sep  9 02:20:47 cu-cs-vm dhclient[2508]: DHCPREQUEST of 192.168.85.136 on ens33 to 255.255.255.255 port 67 (xid=0x53880ac)
Sep  9 02:20:47 cu-cs-vm dhclient[2508]: DHCPACK of 192.168.85.136 from 192.168.85.254
Sep  9 02:20:47 cu-cs-vm NetworkManager[883]: <info>  [1568017247.2556]   address 192.168.85.136
Sep  9 02:20:47 cu-cs-vm NetworkManager[883]: <info>  [1568017247.2557]   plen 24 (255.255.255.0)
Sep  9 02:20:47 cu-cs-vm NetworkManager[883]: <info>  [1568017247.2557]   gateway 192.168.85.2
Sep  9 02:20:47 cu-cs-vm NetworkManager[883]: <info>  [1568017247.2557]   server identifier 192.168.85.254
Sep  9 02:20:47 cu-cs-vm NetworkManager[883]: <info>  [1568017247.2557]   lease time 1800
Sep  9 02:20:47 cu-cs-vm NetworkManager[883]: <info>  [1568017247.2557]   nameserver '192.168.85.2'
Sep  9 02:20:47 cu-cs-vm NetworkManager[883]: <info>  [1568017247.2557]   domain name 'localdomain'
Sep  9 02:20:47 cu-cs-vm NetworkManager[883]: <info>  [1568017247.2557]   wins '192.168.85.2'
Sep  9 02:20:47 cu-cs-vm NetworkManager[883]: <info>  [1568017247.2557] dhcp4 (ens33): state changed unknown -> bound
Sep  9 02:20:47 cu-cs-vm nm-dispatcher: req:2 'dhcp4-change' [ens33]: new request (1 scripts)
Sep  9 02:20:47 cu-cs-vm nm-dispatcher: req:2 'dhcp4-change' [ens33]: start running ordered scripts...
Sep  9 02:20:47 cu-cs-vm dhclient[2508]: bound to 192.168.85.136 -- renewal in 747 seconds.
Sep  9 02:22:33 cu-cs-vm NetworkManager[883]: <info>  [1568017353.8120] manager: disable requested (sleeping: no  enabled: yes)
Sep  9 02:22:33 cu-cs-vm NetworkManager[883]: <info>  [1568017353.8121] manager: disabling...
Sep  9 02:22:33 cu-cs-vm NetworkManager[883]: <info>  [1568017353.8122] manager: NetworkManager state is now ASLEEP
Sep  9 02:22:33 cu-cs-vm NetworkManager[883]: <info>  [1568017353.8124] audit: op="networking-control" arg="off" pid=2556 uid=0 result="success"
Sep  9 02:22:33 cu-cs-vm NetworkManager[883]: <info>  [1568017353.8126] device (ens33): state change: activated -> deactivating (reason 'sleeping') [100 110 37]
Sep  9 02:22:33 cu-cs-vm whoopsie[1387]: [02:22:33] offline
Sep  9 02:22:33 cu-cs-vm NetworkManager[883]: <info>  [1568017353.8146] device (ens33): state change: deactivating -> disconnected (reason 'sleeping') [110 30 37]
Sep  9 02:22:33 cu-cs-vm avahi-daemon[816]: Withdrawing address record for fe80::2e06:b689:c30:a039 on ens33.
Sep  9 02:22:33 cu-cs-vm avahi-daemon[816]: Leaving mDNS multicast group on interface ens33.IPv6 with address fe80::2e06:b689:c30:a039.
Sep  9 02:22:33 cu-cs-vm avahi-daemon[816]: Interface ens33.IPv6 no longer relevant for mDNS.
Sep  9 09:43:58 cu-cs-vm systemd[1]: Time has been changed
Sep  9 09:43:58 cu-cs-vm systemd[1109]: Time has been changed
Sep  9 09:43:58 cu-cs-vm systemd[1]: Starting Daily apt upgrade and clean activities...
Sep  9 09:43:58 cu-cs-vm NetworkManager[883]: <info>  [1568043838.0324] dhcp4 (ens33): canceled DHCP transaction, DHCP client pid 2508
Sep  9 09:43:58 cu-cs-vm NetworkManager[883]: <info>  [1568043838.0325] dhcp4 (ens33): state changed bound -> done
Sep  9 09:43:58 cu-cs-vm NetworkManager[883]: <info>  [1568043838.0346] dns-mgr: Writing DNS information to /sbin/resolvconf
Sep  9 09:43:58 cu-cs-vm dnsmasq[994]: setting upstream servers from DBus
Sep  9 09:43:58 cu-cs-vm avahi-daemon[816]: Withdrawing address record for 192.168.85.136 on ens33.
Sep  9 09:43:58 cu-cs-vm avahi-daemon[816]: Leaving mDNS multicast group on interface ens33.IPv4 with address 192.168.85.136.
Sep  9 09:43:58 cu-cs-vm avahi-daemon[816]: Interface ens33.IPv4 no longer relevant for mDNS.
Sep  9 09:43:58 cu-cs-vm dbus[843]: [system] Activating via systemd: service name='org.freedesktop.nm_dispatcher' unit='dbus-org.freedesktop.nm-dispatcher.service'
Sep  9 09:43:58 cu-cs-vm systemd[1]: Starting Network Manager Script Dispatcher Service...
Sep  9 09:43:58 cu-cs-vm NetworkManager[883]: <info>  [1568043838.1049] device (ens33): state change: disconnected -> unmanaged (reason 'sleeping') [30 10 37]
Sep  9 09:43:58 cu-cs-vm dbus[843]: [system] Successfully activated service 'org.freedesktop.nm_dispatcher'
Sep  9 09:43:58 cu-cs-vm systemd[1]: Started Network Manager Script Dispatcher Service.
Sep  9 09:43:58 cu-cs-vm nm-dispatcher: req:1 'down' [ens33]: new request (1 scripts)
Sep  9 09:43:58 cu-cs-vm nm-dispatcher: req:1 'down' [ens33]: start running ordered scripts...
Sep  9 09:43:58 cu-cs-vm NetworkManager[883]: <info>  [1568043838.2175] device (ens33): link disconnected
Sep  9 09:43:58 cu-cs-vm NetworkManager[883]: <info>  [1568043838.2221] manager: enable requested (sleeping: no  enabled: no)
Sep  9 09:43:58 cu-cs-vm NetworkManager[883]: <info>  [1568043838.2222] manager: re-enabling...
Sep  9 09:43:58 cu-cs-vm NetworkManager[883]: <info>  [1568043838.2222] device (ens33): state change: unmanaged -> unavailable (reason 'managed') [10 20 2]
Sep  9 09:43:58 cu-cs-vm kernel: [ 4768.246874] IPv6: ADDRCONF(NETDEV_UP): ens33: link is not ready
Sep  9 09:43:58 cu-cs-vm kernel: [ 4768.263369] IPv6: ADDRCONF(NETDEV_UP): ens33: link is not ready
Sep  9 09:43:58 cu-cs-vm NetworkManager[883]: <info>  [1568043838.2400] manager: NetworkManager state is now DISCONNECTED
Sep  9 09:43:58 cu-cs-vm NetworkManager[883]: <info>  [1568043838.2402] audit: op="networking-control" arg="on" pid=2637 uid=0 result="success"
Sep  9 09:43:58 cu-cs-vm kernel: [ 4768.264740] e1000: ens33 NIC Link is Up 1000 Mbps Full Duplex, Flow Control: None
Sep  9 09:43:58 cu-cs-vm kernel: [ 4768.269063] IPv6: ADDRCONF(NETDEV_CHANGE): ens33: link becomes ready
Sep  9 09:43:58 cu-cs-vm NetworkManager[883]: <info>  [1568043838.2491] device (ens33): link connected
Sep  9 09:43:58 cu-cs-vm NetworkManager[883]: <info>  [1568043838.2496] device (ens33): state change: unavailable -> disconnected (reason 'carrier-changed') [20 30 40]
Sep  9 09:43:58 cu-cs-vm NetworkManager[883]: <info>  [1568043838.2597] policy: auto-activating connection 'Wired connection 1'
Sep  9 09:43:58 cu-cs-vm NetworkManager[883]: <info>  [1568043838.2605] device (ens33): Activation: starting connection 'Wired connection 1' (16b1a67b-d1c0-38cf-afd8-1e282ddc3ca4)
Sep  9 09:43:58 cu-cs-vm NetworkManager[883]: <info>  [1568043838.2607] device (ens33): state change: disconnected -> prepare (reason 'none') [30 40 0]
Sep  9 09:43:58 cu-cs-vm NetworkManager[883]: <info>  [1568043838.2608] manager: NetworkManager state is now CONNECTING
Sep  9 09:43:58 cu-cs-vm NetworkManager[883]: <info>  [1568043838.2610] device (ens33): state change: prepare -> config (reason 'none') [40 50 0]
Sep  9 09:43:58 cu-cs-vm NetworkManager[883]: <info>  [1568043838.2647] device (ens33): state change: config -> ip-config (reason 'none') [50 70 0]
Sep  9 09:43:58 cu-cs-vm NetworkManager[883]: <info>  [1568043838.2650] dhcp4 (ens33): activation: beginning transaction (timeout in 45 seconds)
Sep  9 09:43:58 cu-cs-vm kernel: [ 4768.287694] usb 1-1: reset high-speed USB device number 2 using ehci-pci
Sep  9 09:43:58 cu-cs-vm NetworkManager[883]: <info>  [1568043838.2671] dhcp4 (ens33): dhclient started with pid 2674
Sep  9 09:43:58 cu-cs-vm dhclient[2674]: DHCPDISCOVER on ens33 to 255.255.255.255 port 67 interval 3 (xid=0xd4086b5a)
Sep  9 09:43:59 cu-cs-vm dhclient[2674]: DHCPREQUEST of 192.168.85.136 on ens33 to 255.255.255.255 port 67 (xid=0x5a6b08d4)
Sep  9 09:43:59 cu-cs-vm dhclient[2674]: DHCPOFFER of 192.168.85.136 from 192.168.85.254
Sep  9 09:43:59 cu-cs-vm dhclient[2674]: DHCPACK of 192.168.85.136 from 192.168.85.254
Sep  9 09:43:59 cu-cs-vm NetworkManager[883]: <info>  [1568043839.1902]   address 192.168.85.136
Sep  9 09:43:59 cu-cs-vm NetworkManager[883]: <info>  [1568043839.1902]   plen 24 (255.255.255.0)
Sep  9 09:43:59 cu-cs-vm NetworkManager[883]: <info>  [1568043839.1903]   gateway 192.168.85.2
Sep  9 09:43:59 cu-cs-vm NetworkManager[883]: <info>  [1568043839.1903]   server identifier 192.168.85.254
Sep  9 09:43:59 cu-cs-vm NetworkManager[883]: <info>  [1568043839.1903]   lease time 1800
Sep  9 09:43:59 cu-cs-vm NetworkManager[883]: <info>  [1568043839.1903]   nameserver '192.168.85.2'
Sep  9 09:43:59 cu-cs-vm NetworkManager[883]: <info>  [1568043839.1903]   domain name 'localdomain'
Sep  9 09:43:59 cu-cs-vm NetworkManager[883]: <info>  [1568043839.1903]   wins '192.168.85.2'
Sep  9 09:43:59 cu-cs-vm avahi-daemon[816]: Joining mDNS multicast group on interface ens33.IPv4 with address 192.168.85.136.
Sep  9 09:43:59 cu-cs-vm NetworkManager[883]: <info>  [1568043839.1903] dhcp4 (ens33): state changed unknown -> bound
Sep  9 09:43:59 cu-cs-vm NetworkManager[883]: <info>  [1568043839.1912] device (ens33): state change: ip-config -> ip-check (reason 'none') [70 80 0]
Sep  9 09:43:59 cu-cs-vm NetworkManager[883]: <info>  [1568043839.1916] device (ens33): state change: ip-check -> secondaries (reason 'none') [80 90 0]
Sep  9 09:43:59 cu-cs-vm NetworkManager[883]: <info>  [1568043839.1920] device (ens33): state change: secondaries -> activated (reason 'none') [90 100 0]
Sep  9 09:43:59 cu-cs-vm NetworkManager[883]: <info>  [1568043839.1921] manager: NetworkManager state is now CONNECTED_LOCAL
Sep  9 09:43:59 cu-cs-vm avahi-daemon[816]: New relevant interface ens33.IPv4 for mDNS.
Sep  9 09:43:59 cu-cs-vm avahi-daemon[816]: Registering new address record for 192.168.85.136 on ens33.IPv4.
Sep  9 09:43:59 cu-cs-vm NetworkManager[883]: <info>  [1568043839.1948] manager: NetworkManager state is now CONNECTED_GLOBAL
Sep  9 09:43:59 cu-cs-vm NetworkManager[883]: <info>  [1568043839.1949] policy: set 'Wired connection 1' (ens33) as default for IPv4 routing and DNS
Sep  9 09:43:59 cu-cs-vm NetworkManager[883]: <info>  [1568043839.1953] dns-mgr: Writing DNS information to /sbin/resolvconf
Sep  9 09:43:59 cu-cs-vm dnsmasq[994]: setting upstream servers from DBus
Sep  9 09:43:59 cu-cs-vm dnsmasq[994]: using nameserver 192.168.85.2#53(via ens33)
Sep  9 09:43:59 cu-cs-vm dhclient[2674]: bound to 192.168.85.136 -- renewal in 799 seconds.
Sep  9 09:43:58 cu-cs-vm systemd[1109]: Time has been changed
Sep  9 09:43:58 cu-cs-vm systemd[1]: Time has been changed
Sep  9 09:43:58 cu-cs-vm NetworkManager[883]: <info>  [1568043838.7244] device (ens33): Activation: successful, device activated.
Sep  9 09:43:58 cu-cs-vm nm-dispatcher: req:2 'up' [ens33]: new request (1 scripts)
Sep  9 09:43:58 cu-cs-vm nm-dispatcher: req:2 'up' [ens33]: start running ordered scripts...
Sep  9 09:43:58 cu-cs-vm systemd[1]: Reloading OpenBSD Secure Shell server.
Sep  9 09:43:58 cu-cs-vm systemd[1]: Reloaded OpenBSD Secure Shell server.
Sep  9 09:43:58 cu-cs-vm systemd[1]: Reloading OpenBSD Secure Shell server.
Sep  9 09:43:58 cu-cs-vm systemd[1]: Reloaded OpenBSD Secure Shell server.
Sep  9 09:43:59 cu-cs-vm avahi-daemon[816]: Joining mDNS multicast group on interface ens33.IPv6 with address fe80::2e06:b689:c30:a039.
Sep  9 09:43:59 cu-cs-vm avahi-daemon[816]: New relevant interface ens33.IPv6 for mDNS.
Sep  9 09:43:59 cu-cs-vm avahi-daemon[816]: Registering new address record for fe80::2e06:b689:c30:a039 on ens33.*.
Sep  9 09:44:02 cu-cs-vm whoopsie[1387]: [09:44:02] The default IPv4 route is: /org/freedesktop/NetworkManager/ActiveConnection/1
Sep  9 09:44:02 cu-cs-vm whoopsie[1387]: [09:44:02] Not a paid data plan: /org/freedesktop/NetworkManager/ActiveConnection/1
Sep  9 09:44:02 cu-cs-vm whoopsie[1387]: [09:44:02] Found usable connection: /org/freedesktop/NetworkManager/ActiveConnection/1
Sep  9 09:44:02 cu-cs-vm whoopsie[1387]: [09:44:02] online
Sep  9 09:44:31 cu-cs-vm systemd[1]: Time has been changed
Sep  9 09:44:31 cu-cs-vm systemd[1109]: Time has been changed
Sep  9 09:54:55 cu-cs-vm uptimed: moving up to position 3: 0 days, 01:30:26
Sep  9 09:57:18 cu-cs-vm dhclient[2674]: DHCPREQUEST of 192.168.85.136 on ens33 to 192.168.85.254 port 67 (xid=0x5a6b08d4)
Sep  9 09:57:18 cu-cs-vm dhclient[2674]: DHCPACK of 192.168.85.136 from 192.168.85.254
Sep  9 09:57:18 cu-cs-vm NetworkManager[883]: <info>  [1568044638.7923]   address 192.168.85.136
Sep  9 09:57:18 cu-cs-vm NetworkManager[883]: <info>  [1568044638.7925]   plen 24 (255.255.255.0)
Sep  9 09:57:18 cu-cs-vm NetworkManager[883]: <info>  [1568044638.7926]   gateway 192.168.85.2
Sep  9 09:57:18 cu-cs-vm NetworkManager[883]: <info>  [1568044638.7926]   server identifier 192.168.85.254
Sep  9 09:57:18 cu-cs-vm NetworkManager[883]: <info>  [1568044638.7926]   lease time 1800
Sep  9 09:57:18 cu-cs-vm NetworkManager[883]: <info>  [1568044638.7926]   nameserver '192.168.85.2'
Sep  9 09:57:18 cu-cs-vm NetworkManager[883]: <info>  [1568044638.7926]   domain name 'localdomain'
Sep  9 09:57:18 cu-cs-vm NetworkManager[883]: <info>  [1568044638.7927]   wins '192.168.85.2'
Sep  9 09:57:18 cu-cs-vm NetworkManager[883]: <info>  [1568044638.7927] dhcp4 (ens33): state changed bound -> bound
Sep  9 09:57:18 cu-cs-vm dbus[843]: [system] Activating via systemd: service name='org.freedesktop.nm_dispatcher' unit='dbus-org.freedesktop.nm-dispatcher.service'
Sep  9 09:57:18 cu-cs-vm systemd[1]: Starting Network Manager Script Dispatcher Service...
Sep  9 09:57:18 cu-cs-vm dhclient[2674]: bound to 192.168.85.136 -- renewal in 679 seconds.
Sep  9 09:57:18 cu-cs-vm dbus[843]: [system] Successfully activated service 'org.freedesktop.nm_dispatcher'
Sep  9 09:57:18 cu-cs-vm systemd[1]: Started Network Manager Script Dispatcher Service.
Sep  9 09:57:18 cu-cs-vm nm-dispatcher: req:1 'dhcp4-change' [ens33]: new request (1 scripts)
Sep  9 09:57:18 cu-cs-vm nm-dispatcher: req:1 'dhcp4-change' [ens33]: start running ordered scripts...
Sep  9 09:58:07 cu-cs-vm systemd[1]: Stopped Daily apt upgrade and clean activities.
Sep  9 09:58:07 cu-cs-vm systemd[1]: Stopped Daily apt download activities.
Sep  9 09:58:07 cu-cs-vm systemd[1]: Reloading.
Sep  9 09:58:07 cu-cs-vm systemd[1]: Started ACPI event daemon.
Sep  9 09:58:07 cu-cs-vm systemd[1]: Started CUPS Scheduler.
Sep  9 09:58:09 cu-cs-vm systemd[1]: Reloading.
Sep  9 09:58:09 cu-cs-vm systemd[1]: Started ACPI event daemon.
Sep  9 09:58:09 cu-cs-vm systemd[1]: Started CUPS Scheduler.
Sep  9 09:58:09 cu-cs-vm systemd[1]: Started Daily apt upgrade and clean activities.
Sep  9 09:58:09 cu-cs-vm systemd[1]: Started Daily apt download activities.
Sep  9 09:58:18 cu-cs-vm dbus[843]: [system] Reloaded configuration
Sep  9 09:58:20 cu-cs-vm dbus[843]: message repeated 11 times: [ [system] Reloaded configuration]
Sep  9 09:58:20 cu-cs-vm systemd[1]: Reloading.
Sep  9 09:58:20 cu-cs-vm systemd[1]: Starting Daily apt download activities...
Sep  9 09:58:20 cu-cs-vm systemd[1]: Started ACPI event daemon.
Sep  9 09:58:20 cu-cs-vm systemd[1]: Started CUPS Scheduler.
Sep  9 09:58:20 cu-cs-vm systemd[1]: Reloading.
Sep  9 09:58:20 cu-cs-vm systemd[1]: Started ACPI event daemon.
Sep  9 09:58:20 cu-cs-vm systemd[1]: Started CUPS Scheduler.
Sep  9 09:58:20 cu-cs-vm systemd[1]: Reloading.
Sep  9 09:58:20 cu-cs-vm systemd[1]: Started ACPI event daemon.
Sep  9 09:58:20 cu-cs-vm systemd[1]: Started CUPS Scheduler.
Sep  9 09:58:20 cu-cs-vm systemd[1]: Reexecuting.
Sep  9 09:58:20 cu-cs-vm kernel: [ 5630.666591] systemd: 31 output lines suppressed due to ratelimiting
Sep  9 09:58:20 cu-cs-vm systemd[1]: systemd 229 running in system mode. (+PAM +AUDIT +SELINUX +IMA +APPARMOR +SMACK +SYSVINIT +UTMP +LIBCRYPTSETUP +GCRYPT +GNUTLS +ACL +XZ -LZ4 +SECCOMP +BLKID +ELFUTILS +KMOD -IDN)
Sep  9 09:58:20 cu-cs-vm systemd[1]: Detected virtualization vmware.
Sep  9 09:58:20 cu-cs-vm systemd[1]: Detected architecture x86-64.
Sep  9 09:58:20 cu-cs-vm systemd[1]: Started ACPI event daemon.
Sep  9 09:58:20 cu-cs-vm systemd[1]: Started CUPS Scheduler.
Sep  9 09:58:20 cu-cs-vm systemd[1]: Stopping Network Time Synchronization...
Sep  9 09:58:20 cu-cs-vm systemd[1]: Stopped Network Time Synchronization.
Sep  9 09:58:20 cu-cs-vm systemd[1]: Starting Network Time Synchronization...
Sep  9 09:58:20 cu-cs-vm systemd[1]: Started Network Time Synchronization.
Sep  9 09:58:20 cu-cs-vm systemd[1]: Started Trigger resolvconf update for networkd DNS.
Sep  9 09:58:20 cu-cs-vm systemd-timesyncd[35131]: Synchronized to time server 91.189.94.4:123 (ntp.ubuntu.com).
Sep  9 09:58:21 cu-cs-vm systemd[1]: Reloading.
Sep  9 09:58:21 cu-cs-vm systemd[1]: Started ACPI event daemon.
Sep  9 09:58:21 cu-cs-vm systemd[1]: Started CUPS Scheduler.
Sep  9 09:58:22 cu-cs-vm systemd[1]: Reloading.
Sep  9 09:58:22 cu-cs-vm systemd[1]: Started ACPI event daemon.
Sep  9 09:58:22 cu-cs-vm systemd[1]: Started CUPS Scheduler.
Sep  9 09:58:24 cu-cs-vm systemd[1]: Reloading.
Sep  9 09:58:24 cu-cs-vm systemd[1]: Started ACPI event daemon.
Sep  9 09:58:24 cu-cs-vm systemd[1]: Started CUPS Scheduler.
Sep  9 09:58:36 cu-cs-vm systemd[1]: Reloading.
Sep  9 09:58:36 cu-cs-vm systemd[1]: Started ACPI event daemon.
Sep  9 09:58:36 cu-cs-vm systemd[1]: Started CUPS Scheduler.
Sep  9 09:58:57 cu-cs-vm systemd[1]: Reloading.
Sep  9 09:58:57 cu-cs-vm systemd[1]: Started ACPI event daemon.
Sep  9 09:58:57 cu-cs-vm systemd[1]: Started CUPS Scheduler.
Sep  9 09:58:57 cu-cs-vm systemd[1]: Stopping Make remote CUPS printers available locally...
Sep  9 09:58:57 cu-cs-vm systemd[1]: Stopped Make remote CUPS printers available locally.
Sep  9 09:58:57 cu-cs-vm systemd[1]: Reloading.
Sep  9 09:58:57 cu-cs-vm systemd[1]: Started ACPI event daemon.
Sep  9 09:58:57 cu-cs-vm systemd[1]: Started CUPS Scheduler.
Sep  9 09:58:58 cu-cs-vm systemd[1]: Stopped CUPS Scheduler.
Sep  9 09:58:58 cu-cs-vm systemd[1]: Reloading.
Sep  9 09:58:58 cu-cs-vm systemd[1]: Started ACPI event daemon.
Sep  9 09:58:58 cu-cs-vm systemd[1]: Stopping CUPS Scheduler...
Sep  9 09:58:58 cu-cs-vm systemd[1]: Stopped CUPS Scheduler.
Sep  9 09:58:58 cu-cs-vm systemd[1]: Reloading.
Sep  9 09:58:58 cu-cs-vm systemd[1]: Started ACPI event daemon.
Sep  9 09:58:58 cu-cs-vm systemd[1]: Reloading.
Sep  9 09:58:58 cu-cs-vm systemd[1]: Started ACPI event daemon.
Sep  9 09:59:19 cu-cs-vm systemd[1]: Reloading.
Sep  9 09:59:19 cu-cs-vm systemd[1]: Started ACPI event daemon.
Sep  9 09:59:20 cu-cs-vm systemd[1]: Reloading.
Sep  9 09:59:20 cu-cs-vm systemd[1]: Started ACPI event daemon.
Sep  9 09:59:20 cu-cs-vm systemd[1]: Stopped Auto import assertions from block devices.
Sep  9 09:59:20 cu-cs-vm systemd[1]: Stopped Automatically repair incorrect owner/permissions on core devices.
Sep  9 09:59:20 cu-cs-vm systemd[1]: Stopped Wait until snapd is fully seeded.
Sep  9 09:59:20 cu-cs-vm systemd[1]: Stopping Snappy daemon...
Sep  9 09:59:20 cu-cs-vm systemd[1]: Stopped Automatically fetch and run repair assertions.
Sep  9 09:59:20 cu-cs-vm snapd[885]: 2019/09/09 09:59:20.659133 main.go:81: Exiting on terminated signal.
Sep  9 09:59:20 cu-cs-vm systemd[1]: Stopped Timer to automatically fetch and run repair assertions.
Sep  9 09:59:20 cu-cs-vm systemd[1]: Stopped Ubuntu core (all-snaps) system shutdown helper setup service.
Sep  9 09:59:20 cu-cs-vm systemd[1]: Stopped Snappy daemon.
Sep  9 09:59:20 cu-cs-vm systemd[1]: Closed Socket activation for snappy daemon.
Sep  9 09:59:22 cu-cs-vm systemd[1]: Reloading.
Sep  9 09:59:22 cu-cs-vm systemd[1]: Started ACPI event daemon.
Sep  9 09:59:23 cu-cs-vm systemd[1]: Reloading.
Sep  9 09:59:23 cu-cs-vm systemd[1]: Started ACPI event daemon.
Sep  9 09:59:23 cu-cs-vm systemd[1]: Stopping crash report submission daemon...
Sep  9 09:59:23 cu-cs-vm systemd[1]: Stopped crash report submission daemon.
Sep  9 09:59:23 cu-cs-vm systemd[1]: Reloading.
Sep  9 09:59:23 cu-cs-vm systemd[1]: Started ACPI event daemon.
Sep  9 09:59:29 cu-cs-vm systemd[1]: Closed Unix socket for apport crash forwarding.
Sep  9 09:59:29 cu-cs-vm systemd[1]: Reloading.
Sep  9 09:59:30 cu-cs-vm systemd[1]: Started ACPI event daemon.
Sep  9 09:59:30 cu-cs-vm systemd[1]: Stopping LSB: automatic crash report generation...
Sep  9 09:59:30 cu-cs-vm apport[47633]:  * Stopping automatic crash report generation: apport
Sep  9 09:59:30 cu-cs-vm apport[47633]:    ...done.
Sep  9 09:59:30 cu-cs-vm systemd[1]: Stopped LSB: automatic crash report generation.
Sep  9 09:59:30 cu-cs-vm systemd[1]: Reloading.
Sep  9 09:59:30 cu-cs-vm systemd[1]: Started ACPI event daemon.
Sep  9 09:59:30 cu-cs-vm systemd[1]: Reloading.
Sep  9 09:59:30 cu-cs-vm systemd[1]: Started ACPI event daemon.
Sep  9 09:59:30 cu-cs-vm avahi-daemon[816]: Files changed, reloading.
Sep  9 09:59:30 cu-cs-vm avahi-daemon[816]: No service file found in /etc/avahi/services.
Sep  9 09:59:30 cu-cs-vm avahi-daemon[816]: Files changed, reloading.
Sep  9 09:59:30 cu-cs-vm avahi-daemon[816]: No service file found in /etc/avahi/services.
Sep  9 09:59:30 cu-cs-vm avahi-daemon[816]: Files changed, reloading.
Sep  9 09:59:30 cu-cs-vm avahi-daemon[816]: No service file found in /etc/avahi/services.
Sep  9 09:59:30 cu-cs-vm avahi-daemon[816]: Files changed, reloading.
Sep  9 09:59:30 cu-cs-vm avahi-daemon[816]: No service file found in /etc/avahi/services.
Sep  9 09:59:30 cu-cs-vm dbus[843]: [system] Reloaded configuration
Sep  9 09:59:30 cu-cs-vm avahi-daemon[816]: Files changed, reloading.
Sep  9 09:59:30 cu-cs-vm avahi-daemon[816]: No service file found in /etc/avahi/services.
Sep  9 09:59:30 cu-cs-vm dbus[843]: [system] Reloaded configuration
Sep  9 09:59:30 cu-cs-vm dbus[843]: message repeated 2 times: [ [system] Reloaded configuration]
Sep  9 09:59:30 cu-cs-vm systemd[1]: Reloading.
Sep  9 09:59:30 cu-cs-vm systemd[1]: Started ACPI event daemon.
Sep  9 09:59:30 cu-cs-vm systemd[1]: Reloading.
Sep  9 09:59:31 cu-cs-vm systemd[1]: Started ACPI event daemon.
Sep  9 09:59:31 cu-cs-vm dbus[843]: [system] Reloaded configuration
Sep  9 09:59:41 cu-cs-vm dbus[843]: [system] Reloaded configuration
Sep  9 09:59:41 cu-cs-vm dbus[843]: [system] Reloaded configuration
Sep  9 10:00:22 cu-cs-vm NetworkManager[883]: <info>  [1568044822.4505] manager: kernel firmware directory '/lib/firmware' changed
Sep  9 10:00:27 cu-cs-vm NetworkManager[883]: <info>  [1568044827.0539] manager: kernel firmware directory '/lib/firmware' changed
Sep  9 10:01:46 cu-cs-vm rtkit-daemon[1422]: The canary thread is apparently starving. Taking action.
Sep  9 10:01:46 cu-cs-vm rtkit-daemon[1422]: Demoting known real-time threads.
Sep  9 10:01:46 cu-cs-vm rtkit-daemon[1422]: Successfully demoted thread 1421 of process 1421 (n/a).
Sep  9 10:01:46 cu-cs-vm rtkit-daemon[1422]: Demoted 1 threads.
Sep  9 10:01:55 cu-cs-vm dbus[843]: [system] Reloaded configuration
Sep  9 10:01:55 cu-cs-vm dbus[843]: message repeated 5 times: [ [system] Reloaded configuration]
Sep  9 10:01:55 cu-cs-vm systemd[1]: Reloading.
Sep  9 10:01:55 cu-cs-vm systemd[1]: Started ACPI event daemon.
Sep  9 10:01:55 cu-cs-vm systemd[1]: Reloading.
Sep  9 10:01:55 cu-cs-vm systemd[1]: Started ACPI event daemon.
Sep  9 10:01:55 cu-cs-vm systemd[1]: Reloading.
Sep  9 10:01:56 cu-cs-vm systemd[1]: Started ACPI event daemon.
Sep  9 10:01:56 cu-cs-vm dbus[843]: [system] Reloaded configuration
Sep  9 10:01:56 cu-cs-vm systemd[1]: Reloading.
Sep  9 10:01:56 cu-cs-vm systemd[1]: Started ACPI event daemon.
Sep  9 10:01:56 cu-cs-vm dbus[843]: [system] Reloaded configuration
Sep  9 10:01:57 cu-cs-vm dbus[843]: message repeated 4 times: [ [system] Reloaded configuration]
Sep  9 10:01:58 cu-cs-vm systemd[1]: Reloading.
Sep  9 10:01:58 cu-cs-vm systemd[1]: Started ACPI event daemon.
Sep  9 10:01:58 cu-cs-vm dbus[843]: [system] Reloaded configuration
Sep  9 10:01:58 cu-cs-vm dbus[843]: message repeated 4 times: [ [system] Reloaded configuration]
Sep  9 10:02:23 cu-cs-vm systemd[1]: Reloading.
Sep  9 10:02:23 cu-cs-vm systemd[1]: Started ACPI event daemon.
Sep  9 10:02:23 cu-cs-vm systemd[1]: Stopping Unattended Upgrades Shutdown...
Sep  9 10:02:53 cu-cs-vm kernel: [ 5903.180980] e1000: ens33 NIC Link is Down
Sep  9 10:02:53 cu-cs-vm NetworkManager[883]: <info>  [1568044973.1430] device (ens33): link disconnected (deferring action for 4 seconds)
Sep  9 10:02:56 cu-cs-vm NetworkManager[883]: <info>  [1568044976.9717] device (ens33): link disconnected (calling deferred action)
Sep  9 10:02:56 cu-cs-vm NetworkManager[883]: <info>  [1568044976.9722] device (ens33): state change: activated -> unavailable (reason 'carrier-changed') [100 20 40]
Sep  9 10:02:56 cu-cs-vm NetworkManager[883]: <info>  [1568044976.9927] dhcp4 (ens33): canceled DHCP transaction, DHCP client pid 2674
Sep  9 10:02:56 cu-cs-vm NetworkManager[883]: <info>  [1568044976.9928] dhcp4 (ens33): state changed bound -> done
Sep  9 10:02:57 cu-cs-vm avahi-daemon[816]: Withdrawing address record for 192.168.85.136 on ens33.
Sep  9 10:02:57 cu-cs-vm NetworkManager[883]: <info>  [1568044977.0004] dns-mgr: Writing DNS information to /sbin/resolvconf
Sep  9 10:02:57 cu-cs-vm avahi-daemon[816]: Leaving mDNS multicast group on interface ens33.IPv4 with address 192.168.85.136.
Sep  9 10:02:57 cu-cs-vm avahi-daemon[816]: Interface ens33.IPv4 no longer relevant for mDNS.
Sep  9 10:02:57 cu-cs-vm avahi-daemon[816]: Withdrawing address record for fe80::2e06:b689:c30:a039 on ens33.
Sep  9 10:02:57 cu-cs-vm avahi-daemon[816]: Leaving mDNS multicast group on interface ens33.IPv6 with address fe80::2e06:b689:c30:a039.
Sep  9 10:02:57 cu-cs-vm dnsmasq[994]: setting upstream servers from DBus
Sep  9 10:02:57 cu-cs-vm avahi-daemon[816]: Interface ens33.IPv6 no longer relevant for mDNS.
Sep  9 10:02:57 cu-cs-vm NetworkManager[883]: <info>  [1568044977.0882] manager: NetworkManager state is now CONNECTED_LOCAL
Sep  9 10:02:57 cu-cs-vm NetworkManager[883]: <info>  [1568044977.0888] manager: NetworkManager state is now DISCONNECTED
Sep  9 10:02:57 cu-cs-vm dbus[843]: [system] Activating via systemd: service name='org.freedesktop.nm_dispatcher' unit='dbus-org.freedesktop.nm-dispatcher.service'
Sep  9 10:02:57 cu-cs-vm systemd[1]: Starting Network Manager Script Dispatcher Service...
Sep  9 10:02:57 cu-cs-vm dbus[843]: [system] Successfully activated service 'org.freedesktop.nm_dispatcher'
Sep  9 10:02:57 cu-cs-vm systemd[1]: Started Network Manager Script Dispatcher Service.
Sep  9 10:02:57 cu-cs-vm nm-dispatcher: req:1 'down' [ens33]: new request (1 scripts)
Sep  9 10:02:57 cu-cs-vm nm-dispatcher: req:1 'down' [ens33]: start running ordered scripts...
Sep  9 10:02:58 cu-cs-vm org.freedesktop.Notifications[1233]: (xfce4-notifyd:86596): GdkPixbuf-WARNING **: Cannot open pixbuf loader module file '/usr/lib/x86_64-linux-gnu/gdk-pixbuf-2.0/2.10.0/loaders.cache': No such file or directory
Sep  9 10:02:58 cu-cs-vm org.freedesktop.Notifications[1233]: This likely means that your installation is broken.
Sep  9 10:02:58 cu-cs-vm org.freedesktop.Notifications[1233]: Try running the command
Sep  9 10:02:58 cu-cs-vm org.freedesktop.Notifications[1233]:   gdk-pixbuf-query-loaders > /usr/lib/x86_64-linux-gnu/gdk-pixbuf-2.0/2.10.0/loaders.cache
Sep  9 10:02:58 cu-cs-vm org.freedesktop.Notifications[1233]: to make things work again for the time being.
Sep  9 10:02:59 cu-cs-vm NetworkManager[883]: <info>  [1568044979.1833] device (ens33): link connected
Sep  9 10:02:59 cu-cs-vm kernel: [ 5909.228771] e1000: ens33 NIC Link is Up 1000 Mbps Full Duplex, Flow Control: None
Sep  9 10:02:59 cu-cs-vm NetworkManager[883]: <info>  [1568044979.1836] device (ens33): state change: unavailable -> disconnected (reason 'carrier-changed') [20 30 40]
Sep  9 10:02:59 cu-cs-vm NetworkManager[883]: <info>  [1568044979.1887] policy: auto-activating connection 'Wired connection 1'
Sep  9 10:02:59 cu-cs-vm NetworkManager[883]: <info>  [1568044979.1892] device (ens33): Activation: starting connection 'Wired connection 1' (16b1a67b-d1c0-38cf-afd8-1e282ddc3ca4)
Sep  9 10:02:59 cu-cs-vm NetworkManager[883]: <info>  [1568044979.1893] device (ens33): state change: disconnected -> prepare (reason 'none') [30 40 0]
Sep  9 10:02:59 cu-cs-vm NetworkManager[883]: <info>  [1568044979.1894] manager: NetworkManager state is now CONNECTING
Sep  9 10:02:59 cu-cs-vm NetworkManager[883]: <info>  [1568044979.1898] device (ens33): state change: prepare -> config (reason 'none') [40 50 0]
Sep  9 10:02:59 cu-cs-vm NetworkManager[883]: <info>  [1568044979.1923] device (ens33): state change: config -> ip-config (reason 'none') [50 70 0]
Sep  9 10:02:59 cu-cs-vm NetworkManager[883]: <info>  [1568044979.1986] dhcp4 (ens33): activation: beginning transaction (timeout in 45 seconds)
Sep  9 10:02:59 cu-cs-vm NetworkManager[883]: <info>  [1568044979.2092] dhcp4 (ens33): dhclient started with pid 86601
Sep  9 10:02:59 cu-cs-vm dhclient[86601]: DHCPREQUEST of 192.168.85.136 on ens33 to 255.255.255.255 port 67 (xid=0x2d14229f)
Sep  9 10:02:59 cu-cs-vm dhclient[86601]: DHCPACK of 192.168.85.136 from 192.168.85.254
Sep  9 10:02:59 cu-cs-vm NetworkManager[883]: <info>  [1568044979.2764]   address 192.168.85.136
Sep  9 10:02:59 cu-cs-vm NetworkManager[883]: <info>  [1568044979.2765]   plen 24 (255.255.255.0)
Sep  9 10:02:59 cu-cs-vm NetworkManager[883]: <info>  [1568044979.2765]   gateway 192.168.85.2
Sep  9 10:02:59 cu-cs-vm NetworkManager[883]: <info>  [1568044979.2765]   server identifier 192.168.85.254
Sep  9 10:02:59 cu-cs-vm NetworkManager[883]: <info>  [1568044979.2765]   lease time 1800
Sep  9 10:02:59 cu-cs-vm NetworkManager[883]: <info>  [1568044979.2765]   nameserver '192.168.85.2'
Sep  9 10:02:59 cu-cs-vm NetworkManager[883]: <info>  [1568044979.2765]   domain name 'localdomain'
Sep  9 10:02:59 cu-cs-vm avahi-daemon[816]: Joining mDNS multicast group on interface ens33.IPv4 with address 192.168.85.136.
Sep  9 10:02:59 cu-cs-vm NetworkManager[883]: <info>  [1568044979.2765]   wins '192.168.85.2'
Sep  9 10:02:59 cu-cs-vm NetworkManager[883]: <info>  [1568044979.2765] dhcp4 (ens33): state changed unknown -> bound
Sep  9 10:02:59 cu-cs-vm dhclient[86601]: bound to 192.168.85.136 -- renewal in 704 seconds.
Sep  9 10:02:59 cu-cs-vm avahi-daemon[816]: New relevant interface ens33.IPv4 for mDNS.
Sep  9 10:02:59 cu-cs-vm avahi-daemon[816]: Registering new address record for 192.168.85.136 on ens33.IPv4.
Sep  9 10:02:59 cu-cs-vm NetworkManager[883]: <info>  [1568044979.2808] device (ens33): state change: ip-config -> ip-check (reason 'none') [70 80 0]
Sep  9 10:02:59 cu-cs-vm NetworkManager[883]: <info>  [1568044979.2814] device (ens33): state change: ip-check -> secondaries (reason 'none') [80 90 0]
Sep  9 10:02:59 cu-cs-vm NetworkManager[883]: <info>  [1568044979.2855] device (ens33): state change: secondaries -> activated (reason 'none') [90 100 0]
Sep  9 10:02:59 cu-cs-vm NetworkManager[883]: <info>  [1568044979.2862] manager: NetworkManager state is now CONNECTED_LOCAL
Sep  9 10:02:59 cu-cs-vm NetworkManager[883]: <info>  [1568044979.2886] manager: NetworkManager state is now CONNECTED_GLOBAL
Sep  9 10:02:59 cu-cs-vm NetworkManager[883]: <info>  [1568044979.2894] policy: set 'Wired connection 1' (ens33) as default for IPv4 routing and DNS
Sep  9 10:02:59 cu-cs-vm NetworkManager[883]: <info>  [1568044979.2897] dns-mgr: Writing DNS information to /sbin/resolvconf
Sep  9 10:02:59 cu-cs-vm dnsmasq[994]: setting upstream servers from DBus
Sep  9 10:02:59 cu-cs-vm dnsmasq[994]: using nameserver 192.168.85.2#53(via ens33)
Sep  9 10:02:59 cu-cs-vm NetworkManager[883]: <info>  [1568044979.3976] device (ens33): Activation: successful, device activated.
Sep  9 10:02:59 cu-cs-vm nm-dispatcher: req:2 'up' [ens33]: new request (1 scripts)
Sep  9 10:02:59 cu-cs-vm nm-dispatcher: req:2 'up' [ens33]: start running ordered scripts...
Sep  9 10:02:59 cu-cs-vm systemd[1]: Reloading OpenBSD Secure Shell server.
Sep  9 10:02:59 cu-cs-vm systemd[1]: Reloaded OpenBSD Secure Shell server.
Sep  9 10:02:59 cu-cs-vm systemd[1]: Reloading OpenBSD Secure Shell server.
Sep  9 10:02:59 cu-cs-vm systemd[1]: Reloaded OpenBSD Secure Shell server.
Sep  9 10:03:00 cu-cs-vm avahi-daemon[816]: Joining mDNS multicast group on interface ens33.IPv6 with address fe80::2e06:b689:c30:a039.
Sep  9 10:03:00 cu-cs-vm avahi-daemon[816]: New relevant interface ens33.IPv6 for mDNS.
Sep  9 10:03:00 cu-cs-vm avahi-daemon[816]: Registering new address record for fe80::2e06:b689:c30:a039 on ens33.*.
Sep  9 10:05:10 cu-cs-vm kernel: [ 6040.768131] SGI XFS with ACLs, security attributes, realtime, no debug enabled
Sep  9 10:05:10 cu-cs-vm kernel: [ 6040.793251] JFS: nTxBlock = 8192, nTxLock = 65536
Sep  9 10:05:10 cu-cs-vm kernel: [ 6040.825432] ntfs: driver 2.1.32 [Flags: R/O MODULE].
Sep  9 10:05:10 cu-cs-vm kernel: [ 6040.880707] QNX4 filesystem 0.2.3 registered.
Sep  9 10:05:10 cu-cs-vm kernel: [ 6040.952245] raid6: sse2x1   gen()  9758 MB/s
Sep  9 10:05:10 cu-cs-vm kernel: [ 6041.000257] raid6: sse2x1   xor()  5520 MB/s
Sep  9 10:05:10 cu-cs-vm kernel: [ 6041.048268] raid6: sse2x2   gen() 10865 MB/s
Sep  9 10:05:11 cu-cs-vm kernel: [ 6041.096266] raid6: sse2x2   xor()  8106 MB/s
Sep  9 10:05:11 cu-cs-vm kernel: [ 6041.144308] raid6: sse2x4   gen() 13071 MB/s
Sep  9 10:05:11 cu-cs-vm kernel: [ 6041.192285] raid6: sse2x4   xor()  8770 MB/s
Sep  9 10:05:11 cu-cs-vm kernel: [ 6041.240301] raid6: avx2x1   gen() 20208 MB/s
Sep  9 10:05:11 cu-cs-vm kernel: [ 6041.288302] raid6: avx2x1   xor()  9513 MB/s
Sep  9 10:05:11 cu-cs-vm kernel: [ 6041.336324] raid6: avx2x2   gen() 21099 MB/s
Sep  9 10:05:11 cu-cs-vm kernel: [ 6041.384321] raid6: avx2x2   xor() 16659 MB/s
Sep  9 10:05:11 cu-cs-vm kernel: [ 6041.432332] raid6: avx2x4   gen() 26834 MB/s
Sep  9 10:05:11 cu-cs-vm kernel: [ 6041.480335] raid6: avx2x4   xor() 20824 MB/s
Sep  9 10:05:11 cu-cs-vm kernel: [ 6041.480336] raid6: using algorithm avx2x4 gen() 26834 MB/s
Sep  9 10:05:11 cu-cs-vm kernel: [ 6041.480336] raid6: .... xor() 20824 MB/s, rmw enabled
Sep  9 10:05:11 cu-cs-vm kernel: [ 6041.480337] raid6: using avx2x2 recovery algorithm
Sep  9 10:05:11 cu-cs-vm kernel: [ 6041.482764] xor: automatically using best checksumming function   avx       
Sep  9 10:05:11 cu-cs-vm kernel: [ 6041.580730] Btrfs loaded, crc32c=crc32c-intel
Sep  9 10:05:11 cu-cs-vm os-prober: debug: /dev/sda2: DOS extended partition; skipping
Sep  9 10:05:11 cu-cs-vm os-prober: debug: /dev/sda5: is active swap
Sep  9 10:08:24 cu-cs-vm os-prober: debug: /dev/sda2: DOS extended partition; skipping
Sep  9 10:08:24 cu-cs-vm os-prober: debug: /dev/sda5: is active swap
Sep  9 10:08:35 cu-cs-vm systemd[1]: Stopping Authentication service for virtual machines hosted on VMware...
Sep  9 10:08:35 cu-cs-vm VGAuthService[834]: ** Message: Processing SIGTERM; service exiting
Sep  9 10:08:35 cu-cs-vm VGAuthService[834]: ** Message: ServiceEndMainLoop: about to stop main loop
Sep  9 10:08:35 cu-cs-vm systemd[1]: Stopping Session c1 of user user.
Sep  9 10:08:35 cu-cs-vm systemd[1]: Closed Load/Save RF Kill Switch Status /dev/rfkill Watch.
Sep  9 10:08:35 cu-cs-vm systemd[1]: Stopping Daemon for power management...
Sep  9 10:08:35 cu-cs-vm systemd[1]: Stopping ACPI event daemon...
Sep  9 10:08:35 cu-cs-vm systemd[1]: Stopping Disk Manager...
Sep  9 10:08:35 cu-cs-vm systemd[1]: Stopping RealtimeKit Scheduling Policy Service...
Sep  9 10:08:35 cu-cs-vm systemd[1]: Stopping Service for virtual machines hosted on VMware...
Sep  9 10:08:35 cu-cs-vm systemd[1]: Stopping User Manager for UID 1000...
Sep  9 10:08:35 cu-cs-vm systemd[1]: Stopped target Timers.
Sep  9 10:08:35 cu-cs-vm systemd[1]: Stopped Daily Cleanup of Temporary Directories.
Sep  9 10:08:35 cu-cs-vm systemd[1]: Stopped target Graphical Interface.
Sep  9 10:08:35 cu-cs-vm systemd[1]: Stopped target Multi-User System.
Sep  9 10:08:35 cu-cs-vm systemd[1]: Stopping Regular background program processing daemon...
Sep  9 10:08:35 cu-cs-vm systemd[1]: Stopping LSB: Load kernel image with kexec...
Sep  9 10:08:35 cu-cs-vm systemd[1109]: Reached target Shutdown.
Sep  9 10:08:35 cu-cs-vm systemd[1]: Stopping uptime record daemon...
Sep  9 10:08:35 cu-cs-vm systemd[1]: Stopping Avahi mDNS/DNS-SD Stack...
Sep  9 10:08:35 cu-cs-vm avahi-daemon[816]: Got SIGTERM, quitting.
Sep  9 10:08:35 cu-cs-vm avahi-daemon[816]: Leaving mDNS multicast group on interface ens33.IPv6 with address fe80::2e06:b689:c30:a039.
Sep  9 10:08:35 cu-cs-vm avahi-daemon[816]: Leaving mDNS multicast group on interface ens33.IPv4 with address 192.168.85.136.
Sep  9 10:08:35 cu-cs-vm systemd[1109]: Starting Exit the Session...
Sep  9 10:08:35 cu-cs-vm systemd[1109]: Stopped target Default.
Sep  9 10:08:35 cu-cs-vm systemd[1109]: Stopped target Basic System.
Sep  9 10:08:35 cu-cs-vm systemd[1109]: Stopped target Sockets.
Sep  9 10:08:35 cu-cs-vm systemd[1109]: Stopped target Paths.
Sep  9 10:08:35 cu-cs-vm systemd[1109]: Stopped target Timers.
Sep  9 10:08:35 cu-cs-vm systemd[1109]: Received SIGRTMIN+24 from PID 97220 (kill).
Sep  9 10:08:35 cu-cs-vm VGAuthService[834]: ** Message: END SERVICE
Sep  9 10:08:35 cu-cs-vm systemd[1]: Stopping LSB: disk temperature monitoring daemon...
Sep  9 10:08:35 cu-cs-vm avahi-daemon[816]: avahi-daemon 0.6.32-rc exiting.
Sep  9 10:08:35 cu-cs-vm rsyslogd: [origin software="rsyslogd" swVersion="8.16.0" x-pid="829" x-info="http://www.rsyslog.com"] exiting on signal 15.
Sep  9 10:10:28 cu-cs-vm rsyslogd: [origin software="rsyslogd" swVersion="8.16.0" x-pid="757" x-info="http://www.rsyslog.com"] start
Sep  9 10:10:28 cu-cs-vm rsyslogd-2222: command 'KLogPermitNonKernelFacility' is currently not permitted - did you already set it via a RainerScript command (v6+ config)? [v8.16.0 try http://www.rsyslog.com/e/2222 ]
Sep  9 10:10:28 cu-cs-vm rsyslogd: rsyslogd's groupid changed to 108
Sep  9 10:10:28 cu-cs-vm rsyslogd: rsyslogd's userid changed to 104
Sep  9 10:10:28 cu-cs-vm systemd-modules-load[339]: Inserted module 'lp'
Sep  9 10:10:28 cu-cs-vm systemd-modules-load[339]: Inserted module 'ppdev'
Sep  9 10:10:28 cu-cs-vm systemd-modules-load[339]: Inserted module 'parport_pc'
Sep  9 10:10:28 cu-cs-vm systemd-modules-load[339]: Module 'fuse' is builtin
Sep  9 10:10:28 cu-cs-vm systemd[1]: Started udev Kernel Device Manager.
Sep  9 10:10:28 cu-cs-vm systemd[1]: Starting Remount Root and Kernel File Systems...
Sep  9 10:10:28 cu-cs-vm systemd[1]: Started Remount Root and Kernel File Systems.
Sep  9 10:10:28 cu-cs-vm loadkeys[344]: Loading /etc/console-setup/cached.kmap.gz
Sep  9 10:10:28 cu-cs-vm systemd[1]: Starting udev Coldplug all Devices...
Sep  9 10:10:28 cu-cs-vm kernel: [    0.000000] Linux version 4.15.18rev2 (root@cu-cs-vm) (gcc version 5.4.0 20160609 (Ubuntu 5.4.0-6ubuntu1~16.04.10)) #4 SMP Mon Sep 9 09:57:17 MDT 2019 (Ubuntu 4.15.0-33.36~16.04.1-generic 4.15.18)
Sep  9 10:10:28 cu-cs-vm kernel: [    0.000000] Command line: BOOT_IMAGE=/boot/vmlinuz-4.15.18rev2 root=UUID=a7adc8c1-e02a-478b-93ad-c06e060e0176 ro
Sep  9 10:10:28 cu-cs-vm kernel: [    0.000000] KERNEL supported cpus:
Sep  9 10:10:28 cu-cs-vm kernel: [    0.000000]   Intel GenuineIntel
Sep  9 10:10:28 cu-cs-vm systemd[1]: Starting Flush Journal to Persistent Storage...
Sep  9 10:10:28 cu-cs-vm kernel: [    0.000000]   AMD AuthenticAMD
Sep  9 10:10:28 cu-cs-vm systemd[1]: Starting Load/Save Random Seed...
Sep  9 10:10:28 cu-cs-vm kernel: [    0.000000]   Centaur CentaurHauls
Sep  9 10:10:28 cu-cs-vm kernel: [    0.000000] Disabled fast string operations
Sep  9 10:10:28 cu-cs-vm kernel: [    0.000000] x86/fpu: Supporting XSAVE feature 0x001: 'x87 floating point registers'
Sep  9 10:10:28 cu-cs-vm kernel: [    0.000000] x86/fpu: Supporting XSAVE feature 0x002: 'SSE registers'
Sep  9 10:10:28 cu-cs-vm kernel: [    0.000000] x86/fpu: Supporting XSAVE feature 0x004: 'AVX registers'
Sep  9 10:10:28 cu-cs-vm kernel: [    0.000000] x86/fpu: xstate_offset[2]:  576, xstate_sizes[2]:  256
Sep  9 10:10:28 cu-cs-vm systemd[1]: Reached target Local File Systems (Pre).
Sep  9 10:10:28 cu-cs-vm kernel: [    0.000000] x86/fpu: Enabled xstate features 0x7, context size is 832 bytes, using 'standard' format.
Sep  9 10:10:28 cu-cs-vm kernel: [    0.000000] e820: BIOS-provided physical RAM map:
Sep  9 10:10:28 cu-cs-vm kernel: [    0.000000] BIOS-e820: [mem 0x0000000000000000-0x000000000009e7ff] usable
Sep  9 10:10:28 cu-cs-vm kernel: [    0.000000] BIOS-e820: [mem 0x000000000009e800-0x000000000009ffff] reserved
Sep  9 10:10:28 cu-cs-vm kernel: [    0.000000] BIOS-e820: [mem 0x00000000000dc000-0x00000000000fffff] reserved
Sep  9 10:10:28 cu-cs-vm systemd[1]: Reached target Local File Systems.
Sep  9 10:10:28 cu-cs-vm kernel: [    0.000000] BIOS-e820: [mem 0x0000000000100000-0x00000000bfecffff] usable
Sep  9 10:10:28 cu-cs-vm kernel: [    0.000000] BIOS-e820: [mem 0x00000000bfed0000-0x00000000bfefefff] ACPI data
Sep  9 10:10:28 cu-cs-vm kernel: [    0.000000] BIOS-e820: [mem 0x00000000bfeff000-0x00000000bfefffff] ACPI NVS
Sep  9 10:10:28 cu-cs-vm kernel: [    0.000000] BIOS-e820: [mem 0x00000000bff00000-0x00000000bfffffff] usable
Sep  9 10:10:28 cu-cs-vm kernel: [    0.000000] BIOS-e820: [mem 0x00000000f0000000-0x00000000f7ffffff] reserved
Sep  9 10:10:28 cu-cs-vm systemd[1]: Starting Tell Plymouth To Write Out Runtime Data...
Sep  9 10:10:28 cu-cs-vm kernel: [    0.000000] BIOS-e820: [mem 0x00000000fec00000-0x00000000fec0ffff] reserved
Sep  9 10:10:28 cu-cs-vm kernel: [    0.000000] BIOS-e820: [mem 0x00000000fee00000-0x00000000fee00fff] reserved
Sep  9 10:10:28 cu-cs-vm systemd[1]: Starting Enable support for additional executable binary formats...
Sep  9 10:10:28 cu-cs-vm kernel: [    0.000000] BIOS-e820: [mem 0x00000000fffe0000-0x00000000ffffffff] reserved
Sep  9 10:10:28 cu-cs-vm kernel: [    0.000000] BIOS-e820: [mem 0x0000000100000000-0x00000002bfffffff] usable
Sep  9 10:10:28 cu-cs-vm kernel: [    0.000000] NX (Execute Disable) protection: active
Sep  9 10:10:28 cu-cs-vm kernel: [    0.000000] SMBIOS 2.7 present.
Sep  9 10:10:28 cu-cs-vm kernel: [    0.000000] DMI: VMware, Inc. VMware Virtual Platform/440BX Desktop Reference Platform, BIOS 6.00 04/13/2018
Sep  9 10:10:28 cu-cs-vm systemd[1]: Starting LSB: AppArmor initialization...
Sep  9 10:10:28 cu-cs-vm kernel: [    0.000000] Hypervisor detected: VMware
Sep  9 10:10:28 cu-cs-vm kernel: [    0.000000] vmware: TSC freq read from hypervisor : 2806.920 MHz
Sep  9 10:10:28 cu-cs-vm kernel: [    0.000000] vmware: Host bus clock speed read from hypervisor : 66000000 Hz
Sep  9 10:10:28 cu-cs-vm systemd[1]: Started Service for virtual machines hosted on VMware.
Sep  9 10:10:28 cu-cs-vm kernel: [    0.000000] vmware: using sched offset of 18490527761 ns
Sep  9 10:10:28 cu-cs-vm kernel: [    0.000000] e820: update [mem 0x00000000-0x00000fff] usable ==> reserved
Sep  9 10:10:28 cu-cs-vm kernel: [    0.000000] e820: remove [mem 0x000a0000-0x000fffff] usable
Sep  9 10:10:28 cu-cs-vm kernel: [    0.000000] e820: last_pfn = 0x2c0000 max_arch_pfn = 0x400000000
Sep  9 10:10:28 cu-cs-vm kernel: [    0.000000] MTRR default type: uncachable
Sep  9 10:10:28 cu-cs-vm kernel: [    0.000000] MTRR fixed ranges enabled:
Sep  9 10:10:28 cu-cs-vm systemd[1]: Starting Set console font and keymap...
Sep  9 10:10:28 cu-cs-vm kernel: [    0.000000]   00000-9FFFF write-back
Sep  9 10:10:28 cu-cs-vm kernel: [    0.000000]   A0000-BFFFF uncachable
Sep  9 10:10:28 cu-cs-vm kernel: [    0.000000]   C0000-C7FFF write-protect
Sep  9 10:10:28 cu-cs-vm systemd[1]: Started Load/Save Random Seed.
Sep  9 10:10:28 cu-cs-vm kernel: [    0.000000]   C8000-CBFFF write-back
Sep  9 10:10:28 cu-cs-vm kernel: [    0.000000]   CC000-EFFFF uncachable
Sep  9 10:10:28 cu-cs-vm kernel: [    0.000000]   F0000-FFFFF write-protect
Sep  9 10:10:28 cu-cs-vm kernel: [    0.000000] MTRR variable ranges enabled:
Sep  9 10:10:28 cu-cs-vm kernel: [    0.000000]   0 base 00000000000 mask 3C000000000 write-back
Sep  9 10:10:28 cu-cs-vm systemd[1]: proc-sys-fs-binfmt_misc.automount: Got automount request for /proc/sys/fs/binfmt_misc, triggered by 415 (update-binfmts)
Sep  9 10:10:28 cu-cs-vm kernel: [    0.000000]   1 base 000C0000000 mask 3FFC0000000 uncachable
Sep  9 10:10:28 cu-cs-vm kernel: [    0.000000]   2 disabled
Sep  9 10:10:28 cu-cs-vm kernel: [    0.000000]   3 disabled
Sep  9 10:10:28 cu-cs-vm systemd[1]: Mounting Arbitrary Executable File Formats File System...
Sep  9 10:10:28 cu-cs-vm kernel: [    0.000000]   4 disabled
Sep  9 10:10:28 cu-cs-vm kernel: [    0.000000]   5 disabled
Sep  9 10:10:28 cu-cs-vm kernel: [    0.000000]   6 disabled
Sep  9 10:10:28 cu-cs-vm systemd[1]: Started Flush Journal to Persistent Storage.
Sep  9 10:10:28 cu-cs-vm kernel: [    0.000000]   7 disabled
Sep  9 10:10:28 cu-cs-vm kernel: [    0.000000] x86/PAT: Configuration [0-7]: WB  WC  UC- UC  WB  WP  UC- WT  
Sep  9 10:10:28 cu-cs-vm kernel: [    0.000000] total RAM covered: 261120M
Sep  9 10:10:28 cu-cs-vm kernel: [    0.000000]  gran_size: 64K 	chunk_size: 64K 	num_reg: 8  	lose cover RAM: 0G
Sep  9 10:10:28 cu-cs-vm kernel: [    0.000000]  gran_size: 64K 	chunk_size: 128K 	num_reg: 8  	lose cover RAM: 0G
Sep  9 10:10:28 cu-cs-vm kernel: [    0.000000]  gran_size: 64K 	chunk_size: 256K 	num_reg: 8  	lose cover RAM: 0G
Sep  9 10:10:28 cu-cs-vm systemd[1]: Starting Create Volatile Files and Directories...
Sep  9 10:10:28 cu-cs-vm kernel: [    0.000000]  gran_size: 64K 	chunk_size: 512K 	num_reg: 8  	lose cover RAM: 0G
Sep  9 10:10:28 cu-cs-vm kernel: [    0.000000]  gran_size: 64K 	chunk_size: 1M 	num_reg: 8  	lose cover RAM: 0G
Sep  9 10:10:28 cu-cs-vm kernel: [    0.000000]  gran_size: 64K 	chunk_size: 2M 	num_reg: 8  	lose cover RAM: 0G
Sep  9 10:10:28 cu-cs-vm kernel: [    0.000000]  gran_size: 64K 	chunk_size: 4M 	num_reg: 8  	lose cover RAM: 0G
Sep  9 10:10:28 cu-cs-vm kernel: [    0.000000]  gran_size: 64K 	chunk_size: 8M 	num_reg: 8  	lose cover RAM: 0G
Sep  9 10:10:28 cu-cs-vm systemd-tmpfiles[442]: [/usr/lib/tmpfiles.d/var.conf:14] Duplicate line for path "/var/log", ignoring.
Sep  9 10:10:28 cu-cs-vm kernel: [    0.000000]  gran_size: 64K 	chunk_size: 16M 	num_reg: 8  	lose cover RAM: 0G
Sep  9 10:10:28 cu-cs-vm kernel: [    0.000000]  gran_size: 64K 	chunk_size: 32M 	num_reg: 8  	lose cover RAM: 0G
Sep  9 10:10:28 cu-cs-vm kernel: [    0.000000]  gran_size: 64K 	chunk_size: 64M 	num_reg: 8  	lose cover RAM: 0G
Sep  9 10:10:28 cu-cs-vm kernel: [    0.000000]  gran_size: 64K 	chunk_size: 128M 	num_reg: 8  	lose cover RAM: 0G
Sep  9 10:10:28 cu-cs-vm kernel: [    0.000000]  gran_size: 64K 	chunk_size: 256M 	num_reg: 8  	lose cover RAM: 0G
Sep  9 10:10:28 cu-cs-vm systemd[1]: Started Tell Plymouth To Write Out Runtime Data.
Sep  9 10:10:28 cu-cs-vm kernel: [    0.000000]  gran_size: 64K 	chunk_size: 512M 	num_reg: 8  	lose cover RAM: 0G
Sep  9 10:10:28 cu-cs-vm kernel: [    0.000000]  gran_size: 64K 	chunk_size: 1G 	num_reg: 8  	lose cover RAM: 0G
Sep  9 10:10:28 cu-cs-vm kernel: [    0.000000]  gran_size: 64K 	chunk_size: 2G 	num_reg: 8  	lose cover RAM: 0G
Sep  9 10:10:28 cu-cs-vm systemd[1]: Started Create Volatile Files and Directories.
Sep  9 10:10:28 cu-cs-vm kernel: [    0.000000]  gran_size: 128K 	chunk_size: 128K 	num_reg: 8  	lose cover RAM: 0G
Sep  9 10:10:28 cu-cs-vm kernel: [    0.000000]  gran_size: 128K 	chunk_size: 256K 	num_reg: 8  	lose cover RAM: 0G
Sep  9 10:10:28 cu-cs-vm kernel: [    0.000000]  gran_size: 128K 	chunk_size: 512K 	num_reg: 8  	lose cover RAM: 0G
Sep  9 10:10:28 cu-cs-vm kernel: [    0.000000]  gran_size: 128K 	chunk_size: 1M 	num_reg: 8  	lose cover RAM: 0G
Sep  9 10:10:28 cu-cs-vm systemd[1]: Starting Network Time Synchronization...
Sep  9 10:10:28 cu-cs-vm kernel: [    0.000000]  gran_size: 128K 	chunk_size: 2M 	num_reg: 8  	lose cover RAM: 0G
Sep  9 10:10:28 cu-cs-vm kernel: [    0.000000]  gran_size: 128K 	chunk_size: 4M 	num_reg: 8  	lose cover RAM: 0G
Sep  9 10:10:28 cu-cs-vm kernel: [    0.000000]  gran_size: 128K 	chunk_size: 8M 	num_reg: 8  	lose cover RAM: 0G
Sep  9 10:10:28 cu-cs-vm kernel: [    0.000000]  gran_size: 128K 	chunk_size: 16M 	num_reg: 8  	lose cover RAM: 0G
Sep  9 10:10:28 cu-cs-vm systemd[1]: Starting Update UTMP about System Boot/Shutdown...
Sep  9 10:10:28 cu-cs-vm kernel: [    0.000000]  gran_size: 128K 	chunk_size: 32M 	num_reg: 8  	lose cover RAM: 0G
Sep  9 10:10:28 cu-cs-vm kernel: [    0.000000]  gran_size: 128K 	chunk_size: 64M 	num_reg: 8  	lose cover RAM: 0G
Sep  9 10:10:28 cu-cs-vm kernel: [    0.000000]  gran_size: 128K 	chunk_size: 128M 	num_reg: 8  	lose cover RAM: 0G
Sep  9 10:10:28 cu-cs-vm kernel: [    0.000000]  gran_size: 128K 	chunk_size: 256M 	num_reg: 8  	lose cover RAM: 0G
Sep  9 10:10:28 cu-cs-vm kernel: [    0.000000]  gran_size: 128K 	chunk_size: 512M 	num_reg: 8  	lose cover RAM: 0G
Sep  9 10:10:28 cu-cs-vm kernel: [    0.000000]  gran_size: 128K 	chunk_size: 1G 	num_reg: 8  	lose cover RAM: 0G
Sep  9 10:10:28 cu-cs-vm kernel: [    0.000000]  gran_size: 128K 	chunk_size: 2G 	num_reg: 8  	lose cover RAM: 0G
Sep  9 10:10:28 cu-cs-vm systemd[1]: Mounted Arbitrary Executable File Formats File System.
Sep  9 10:10:28 cu-cs-vm kernel: [    0.000000]  gran_size: 256K 	chunk_size: 256K 	num_reg: 8  	lose cover RAM: 0G
Sep  9 10:10:28 cu-cs-vm systemd[1]: Started Enable support for additional executable binary formats.
Sep  9 10:10:28 cu-cs-vm kernel: [    0.000000]  gran_size: 256K 	chunk_size: 512K 	num_reg: 8  	lose cover RAM: 0G
Sep  9 10:10:28 cu-cs-vm kernel: [    0.000000]  gran_size: 256K 	chunk_size: 1M 	num_reg: 8  	lose cover RAM: 0G
Sep  9 10:10:28 cu-cs-vm kernel: [    0.000000]  gran_size: 256K 	chunk_size: 2M 	num_reg: 8  	lose cover RAM: 0G
Sep  9 10:10:28 cu-cs-vm kernel: [    0.000000]  gran_size: 256K 	chunk_size: 4M 	num_reg: 8  	lose cover RAM: 0G
Sep  9 10:10:28 cu-cs-vm kernel: [    0.000000]  gran_size: 256K 	chunk_size: 8M 	num_reg: 8  	lose cover RAM: 0G
Sep  9 10:10:28 cu-cs-vm kernel: [    0.000000]  gran_size: 256K 	chunk_size: 16M 	num_reg: 8  	lose cover RAM: 0G
Sep  9 10:10:28 cu-cs-vm systemd[1]: Started Network Time Synchronization.
Sep  9 10:10:28 cu-cs-vm kernel: [    0.000000]  gran_size: 256K 	chunk_size: 32M 	num_reg: 8  	lose cover RAM: 0G
Sep  9 10:10:28 cu-cs-vm kernel: [    0.000000]  gran_size: 256K 	chunk_size: 64M 	num_reg: 8  	lose cover RAM: 0G
Sep  9 10:10:28 cu-cs-vm kernel: [    0.000000]  gran_size: 256K 	chunk_size: 128M 	num_reg: 8  	lose cover RAM: 0G
Sep  9 10:10:28 cu-cs-vm kernel: [    0.000000]  gran_size: 256K 	chunk_size: 256M 	num_reg: 8  	lose cover RAM: 0G
Sep  9 10:10:28 cu-cs-vm systemd[1]: Reached target System Time Synchronized.
Sep  9 10:10:28 cu-cs-vm kernel: [    0.000000]  gran_size: 256K 	chunk_size: 512M 	num_reg: 8  	lose cover RAM: 0G
Sep  9 10:10:28 cu-cs-vm kernel: [    0.000000]  gran_size: 256K 	chunk_size: 1G 	num_reg: 8  	lose cover RAM: 0G
Sep  9 10:10:28 cu-cs-vm systemd[1]: Started Update UTMP about System Boot/Shutdown.
Sep  9 10:10:28 cu-cs-vm kernel: [    0.000000]  gran_size: 256K 	chunk_size: 2G 	num_reg: 8  	lose cover RAM: 0G
Sep  9 10:10:28 cu-cs-vm kernel: [    0.000000]  gran_size: 512K 	chunk_size: 512K 	num_reg: 8  	lose cover RAM: 0G
Sep  9 10:10:28 cu-cs-vm kernel: [    0.000000]  gran_size: 512K 	chunk_size: 1M 	num_reg: 8  	lose cover RAM: 0G
Sep  9 10:10:28 cu-cs-vm kernel: [    0.000000]  gran_size: 512K 	chunk_size: 2M 	num_reg: 8  	lose cover RAM: 0G
Sep  9 10:10:28 cu-cs-vm systemd[1]: Started udev Coldplug all Devices.
Sep  9 10:10:28 cu-cs-vm kernel: [    0.000000]  gran_size: 512K 	chunk_size: 4M 	num_reg: 8  	lose cover RAM: 0G
Sep  9 10:10:28 cu-cs-vm kernel: [    0.000000]  gran_size: 512K 	chunk_size: 8M 	num_reg: 8  	lose cover RAM: 0G
Sep  9 10:10:28 cu-cs-vm kernel: [    0.000000]  gran_size: 512K 	chunk_size: 16M 	num_reg: 8  	lose cover RAM: 0G
Sep  9 10:10:28 cu-cs-vm kernel: [    0.000000]  gran_size: 512K 	chunk_size: 32M 	num_reg: 8  	lose cover RAM: 0G
Sep  9 10:10:28 cu-cs-vm kernel: [    0.000000]  gran_size: 512K 	chunk_size: 64M 	num_reg: 8  	lose cover RAM: 0G
Sep  9 10:10:28 cu-cs-vm kernel: [    0.000000]  gran_size: 512K 	chunk_size: 128M 	num_reg: 8  	lose cover RAM: 0G
Sep  9 10:10:28 cu-cs-vm systemd[1]: Started Dispatch Password Requests to Console Directory Watch.
Sep  9 10:10:28 cu-cs-vm apparmor[416]:  * Starting AppArmor profiles
Sep  9 10:10:28 cu-cs-vm systemd[1]: Started Set console font and keymap.
Sep  9 10:10:28 cu-cs-vm systemd[1]: Created slice system-getty.slice.
Sep  9 10:10:28 cu-cs-vm apparmor[416]: Skipping profile in /etc/apparmor.d/disable: usr.bin.firefox
Sep  9 10:10:28 cu-cs-vm apparmor[416]: Skipping profile in /etc/apparmor.d/disable: usr.sbin.rsyslogd
Sep  9 10:10:28 cu-cs-vm mtp-probe: checking bus 1, device 2: "/sys/devices/pci0000:00/0000:00:11.0/0000:02:02.0/usb1/1-1"
Sep  9 10:10:28 cu-cs-vm mtp-probe: bus: 1, device: 2 was not an MTP device
Sep  9 10:10:28 cu-cs-vm mtp-probe: checking bus 2, device 2: "/sys/devices/pci0000:00/0000:00:11.0/0000:02:00.0/usb2/2-1"
Sep  9 10:10:28 cu-cs-vm mtp-probe: bus: 2, device: 2 was not an MTP device
Sep  9 10:10:28 cu-cs-vm systemd[1]: Listening on Load/Save RF Kill Switch Status /dev/rfkill Watch.
Sep  9 10:10:28 cu-cs-vm systemd[1]: Found device VMware_Virtual_S 5.
Sep  9 10:10:28 cu-cs-vm systemd[1]: Activating swap /dev/disk/by-uuid/4f6f25d8-6004-459b-b46c-f0f3c3d0de9b...
Sep  9 10:10:28 cu-cs-vm systemd[1]: Activated swap /dev/disk/by-uuid/4f6f25d8-6004-459b-b46c-f0f3c3d0de9b.
Sep  9 10:10:28 cu-cs-vm kernel: [    0.000000]  gran_size: 512K 	chunk_size: 256M 	num_reg: 8  	lose cover RAM: 0G
Sep  9 10:10:28 cu-cs-vm systemd[1]: Reached target Swap.
Sep  9 10:10:28 cu-cs-vm kernel: [    0.000000]  gran_size: 512K 	chunk_size: 512M 	num_reg: 8  	lose cover RAM: 0G
Sep  9 10:10:28 cu-cs-vm kernel: [    0.000000]  gran_size: 512K 	chunk_size: 1G 	num_reg: 8  	lose cover RAM: 0G
Sep  9 10:10:28 cu-cs-vm kernel: [    0.000000]  gran_size: 512K 	chunk_size: 2G 	num_reg: 8  	lose cover RAM: 0G
Sep  9 10:10:28 cu-cs-vm kernel: [    0.000000]  gran_size: 1M 	chunk_size: 1M 	num_reg: 8  	lose cover RAM: 0G
Sep  9 10:10:28 cu-cs-vm kernel: [    0.000000]  gran_size: 1M 	chunk_size: 2M 	num_reg: 8  	lose cover RAM: 0G
Sep  9 10:10:28 cu-cs-vm apparmor[416]:    ...done.
Sep  9 10:10:28 cu-cs-vm kernel: [    0.000000]  gran_size: 1M 	chunk_size: 4M 	num_reg: 8  	lose cover RAM: 0G
Sep  9 10:10:28 cu-cs-vm systemd[1]: Started LSB: AppArmor initialization.
Sep  9 10:10:28 cu-cs-vm kernel: [    0.000000]  gran_size: 1M 	chunk_size: 8M 	num_reg: 8  	lose cover RAM: 0G
Sep  9 10:10:28 cu-cs-vm kernel: [    0.000000]  gran_size: 1M 	chunk_size: 16M 	num_reg: 8  	lose cover RAM: 0G
Sep  9 10:10:28 cu-cs-vm kernel: [    0.000000]  gran_size: 1M 	chunk_size: 32M 	num_reg: 8  	lose cover RAM: 0G
Sep  9 10:10:28 cu-cs-vm kernel: [    0.000000]  gran_size: 1M 	chunk_size: 64M 	num_reg: 8  	lose cover RAM: 0G
Sep  9 10:10:28 cu-cs-vm kernel: [    0.000000]  gran_size: 1M 	chunk_size: 128M 	num_reg: 8  	lose cover RAM: 0G
Sep  9 10:10:28 cu-cs-vm kernel: [    0.000000]  gran_size: 1M 	chunk_size: 256M 	num_reg: 8  	lose cover RAM: 0G
Sep  9 10:10:28 cu-cs-vm systemd[1]: Reached target System Initialization.
Sep  9 10:10:28 cu-cs-vm kernel: [    0.000000]  gran_size: 1M 	chunk_size: 512M 	num_reg: 8  	lose cover RAM: 0G
Sep  9 10:10:28 cu-cs-vm kernel: [    0.000000]  gran_size: 1M 	chunk_size: 1G 	num_reg: 8  	lose cover RAM: 0G
Sep  9 10:10:28 cu-cs-vm kernel: [    0.000000]  gran_size: 1M 	chunk_size: 2G 	num_reg: 8  	lose cover RAM: 0G
Sep  9 10:10:28 cu-cs-vm kernel: [    0.000000]  gran_size: 2M 	chunk_size: 2M 	num_reg: 8  	lose cover RAM: 0G
Sep  9 10:10:28 cu-cs-vm kernel: [    0.000000]  gran_size: 2M 	chunk_size: 4M 	num_reg: 8  	lose cover RAM: 0G
Sep  9 10:10:28 cu-cs-vm systemd[1]: Started ACPI Events Check.
Sep  9 10:10:28 cu-cs-vm kernel: [    0.000000]  gran_size: 2M 	chunk_size: 8M 	num_reg: 8  	lose cover RAM: 0G
Sep  9 10:10:28 cu-cs-vm systemd[1]: Started Daily Cleanup of Temporary Directories.
Sep  9 10:10:28 cu-cs-vm kernel: [    0.000000]  gran_size: 2M 	chunk_size: 16M 	num_reg: 8  	lose cover RAM: 0G
Sep  9 10:10:28 cu-cs-vm kernel: [    0.000000]  gran_size: 2M 	chunk_size: 32M 	num_reg: 8  	lose cover RAM: 0G
Sep  9 10:10:28 cu-cs-vm kernel: [    0.000000]  gran_size: 2M 	chunk_size: 64M 	num_reg: 8  	lose cover RAM: 0G
Sep  9 10:10:28 cu-cs-vm kernel: [    0.000000]  gran_size: 2M 	chunk_size: 128M 	num_reg: 8  	lose cover RAM: 0G
Sep  9 10:10:28 cu-cs-vm kernel: [    0.000000]  gran_size: 2M 	chunk_size: 256M 	num_reg: 8  	lose cover RAM: 0G
Sep  9 10:10:28 cu-cs-vm systemd[1]: Listening on CUPS Scheduler.
Sep  9 10:10:28 cu-cs-vm kernel: [    0.000000]  gran_size: 2M 	chunk_size: 512M 	num_reg: 8  	lose cover RAM: 0G
Sep  9 10:10:28 cu-cs-vm kernel: [    0.000000]  gran_size: 2M 	chunk_size: 1G 	num_reg: 8  	lose cover RAM: 0G
Sep  9 10:10:28 cu-cs-vm kernel: [    0.000000]  gran_size: 2M 	chunk_size: 2G 	num_reg: 8  	lose cover RAM: 0G
Sep  9 10:10:28 cu-cs-vm kernel: [    0.000000]  gran_size: 4M 	chunk_size: 4M 	num_reg: 8  	lose cover RAM: 0G
Sep  9 10:10:28 cu-cs-vm systemd[1]: Started Daily apt download activities.
Sep  9 10:10:28 cu-cs-vm kernel: [    0.000000]  gran_size: 4M 	chunk_size: 8M 	num_reg: 8  	lose cover RAM: 0G
Sep  9 10:10:28 cu-cs-vm kernel: [    0.000000]  gran_size: 4M 	chunk_size: 16M 	num_reg: 8  	lose cover RAM: 0G
Sep  9 10:10:28 cu-cs-vm kernel: [    0.000000]  gran_size: 4M 	chunk_size: 32M 	num_reg: 8  	lose cover RAM: 0G
Sep  9 10:10:28 cu-cs-vm kernel: [    0.000000]  gran_size: 4M 	chunk_size: 64M 	num_reg: 8  	lose cover RAM: 0G
Sep  9 10:10:28 cu-cs-vm kernel: [    0.000000]  gran_size: 4M 	chunk_size: 128M 	num_reg: 8  	lose cover RAM: 0G
Sep  9 10:10:28 cu-cs-vm kernel: [    0.000000]  gran_size: 4M 	chunk_size: 256M 	num_reg: 8  	lose cover RAM: 0G
Sep  9 10:10:28 cu-cs-vm kernel: [    0.000000]  gran_size: 4M 	chunk_size: 512M 	num_reg: 8  	lose cover RAM: 0G
Sep  9 10:10:28 cu-cs-vm kernel: [    0.000000]  gran_size: 4M 	chunk_size: 1G 	num_reg: 8  	lose cover RAM: 0G
Sep  9 10:10:28 cu-cs-vm systemd[1]: Listening on UUID daemon activation socket.
Sep  9 10:10:28 cu-cs-vm kernel: [    0.000000]  gran_size: 4M 	chunk_size: 2G 	num_reg: 8  	lose cover RAM: 0G
Sep  9 10:10:28 cu-cs-vm kernel: [    0.000000]  gran_size: 8M 	chunk_size: 8M 	num_reg: 8  	lose cover RAM: 0G
Sep  9 10:10:28 cu-cs-vm kernel: [    0.000000]  gran_size: 8M 	chunk_size: 16M 	num_reg: 8  	lose cover RAM: 0G
Sep  9 10:10:28 cu-cs-vm kernel: [    0.000000]  gran_size: 8M 	chunk_size: 32M 	num_reg: 8  	lose cover RAM: 0G
Sep  9 10:10:28 cu-cs-vm kernel: [    0.000000]  gran_size: 8M 	chunk_size: 64M 	num_reg: 8  	lose cover RAM: 0G
Sep  9 10:10:28 cu-cs-vm kernel: [    0.000000]  gran_size: 8M 	chunk_size: 128M 	num_reg: 8  	lose cover RAM: 0G
Sep  9 10:10:28 cu-cs-vm systemd[1]: Listening on D-Bus System Message Bus Socket.
Sep  9 10:10:28 cu-cs-vm kernel: [    0.000000]  gran_size: 8M 	chunk_size: 256M 	num_reg: 8  	lose cover RAM: 0G
Sep  9 10:10:28 cu-cs-vm kernel: [    0.000000]  gran_size: 8M 	chunk_size: 512M 	num_reg: 8  	lose cover RAM: 0G
Sep  9 10:10:28 cu-cs-vm kernel: [    0.000000]  gran_size: 8M 	chunk_size: 1G 	num_reg: 8  	lose cover RAM: 0G
Sep  9 10:10:28 cu-cs-vm kernel: [    0.000000]  gran_size: 8M 	chunk_size: 2G 	num_reg: 8  	lose cover RAM: 0G
Sep  9 10:10:28 cu-cs-vm kernel: [    0.000000]  gran_size: 16M 	chunk_size: 16M 	num_reg: 8  	lose cover RAM: 0G
Sep  9 10:10:28 cu-cs-vm kernel: [    0.000000]  gran_size: 16M 	chunk_size: 32M 	num_reg: 8  	lose cover RAM: 0G
Sep  9 10:10:28 cu-cs-vm systemd[1]: Starting Socket activation for snappy daemon.
Sep  9 10:10:28 cu-cs-vm kernel: [    0.000000]  gran_size: 16M 	chunk_size: 64M 	num_reg: 8  	lose cover RAM: 0G
Sep  9 10:10:28 cu-cs-vm kernel: [    0.000000]  gran_size: 16M 	chunk_size: 128M 	num_reg: 8  	lose cover RAM: 0G
Sep  9 10:10:28 cu-cs-vm kernel: [    0.000000]  gran_size: 16M 	chunk_size: 256M 	num_reg: 8  	lose cover RAM: 0G
Sep  9 10:10:28 cu-cs-vm systemd[1]: Started CUPS Scheduler.
Sep  9 10:10:28 cu-cs-vm kernel: [    0.000000]  gran_size: 16M 	chunk_size: 512M 	num_reg: 8  	lose cover RAM: 0G
Sep  9 10:10:28 cu-cs-vm kernel: [    0.000000]  gran_size: 16M 	chunk_size: 1G 	num_reg: 8  	lose cover RAM: 0G
Sep  9 10:10:28 cu-cs-vm kernel: [    0.000000]  gran_size: 16M 	chunk_size: 2G 	num_reg: 8  	lose cover RAM: 0G
Sep  9 10:10:28 cu-cs-vm systemd[1]: Reached target Paths.
Sep  9 10:10:28 cu-cs-vm kernel: [    0.000000]  gran_size: 32M 	chunk_size: 32M 	num_reg: 8  	lose cover RAM: 0G
Sep  9 10:10:28 cu-cs-vm kernel: [    0.000000]  gran_size: 32M 	chunk_size: 64M 	num_reg: 8  	lose cover RAM: 0G
Sep  9 10:10:28 cu-cs-vm kernel: [    0.000000]  gran_size: 32M 	chunk_size: 128M 	num_reg: 8  	lose cover RAM: 0G
Sep  9 10:10:28 cu-cs-vm kernel: [    0.000000]  gran_size: 32M 	chunk_size: 256M 	num_reg: 8  	lose cover RAM: 0G
Sep  9 10:10:28 cu-cs-vm kernel: [    0.000000]  gran_size: 32M 	chunk_size: 512M 	num_reg: 8  	lose cover RAM: 0G
Sep  9 10:10:28 cu-cs-vm systemd[1]: Listening on Avahi mDNS/DNS-SD Stack Activation Socket.
Sep  9 10:10:28 cu-cs-vm kernel: [    0.000000]  gran_size: 32M 	chunk_size: 1G 	num_reg: 8  	lose cover RAM: 0G
Sep  9 10:10:28 cu-cs-vm kernel: [    0.000000]  gran_size: 32M 	chunk_size: 2G 	num_reg: 8  	lose cover RAM: 0G
Sep  9 10:10:28 cu-cs-vm kernel: [    0.000000]  gran_size: 64M 	chunk_size: 64M 	num_reg: 8  	lose cover RAM: 0G
Sep  9 10:10:28 cu-cs-vm kernel: [    0.000000]  gran_size: 64M 	chunk_size: 128M 	num_reg: 8  	lose cover RAM: 0G
Sep  9 10:10:28 cu-cs-vm kernel: [    0.000000]  gran_size: 64M 	chunk_size: 256M 	num_reg: 8  	lose cover RAM: 0G
Sep  9 10:10:28 cu-cs-vm kernel: [    0.000000]  gran_size: 64M 	chunk_size: 512M 	num_reg: 8  	lose cover RAM: 0G
Sep  9 10:10:28 cu-cs-vm systemd[1]: Started Daily apt upgrade and clean activities.
Sep  9 10:10:28 cu-cs-vm kernel: [    0.000000]  gran_size: 64M 	chunk_size: 1G 	num_reg: 8  	lose cover RAM: 0G
Sep  9 10:10:28 cu-cs-vm kernel: [    0.000000]  gran_size: 64M 	chunk_size: 2G 	num_reg: 8  	lose cover RAM: 0G
Sep  9 10:10:28 cu-cs-vm kernel: [    0.000000]  gran_size: 128M 	chunk_size: 128M 	num_reg: 8  	lose cover RAM: 0G
Sep  9 10:10:28 cu-cs-vm kernel: [    0.000000]  gran_size: 128M 	chunk_size: 256M 	num_reg: 8  	lose cover RAM: 0G
Sep  9 10:10:28 cu-cs-vm kernel: [    0.000000]  gran_size: 128M 	chunk_size: 512M 	num_reg: 8  	lose cover RAM: 0G
Sep  9 10:10:28 cu-cs-vm kernel: [    0.000000]  gran_size: 128M 	chunk_size: 1G 	num_reg: 8  	lose cover RAM: 0G
Sep  9 10:10:28 cu-cs-vm systemd[1]: Reached target Timers.
Sep  9 10:10:28 cu-cs-vm kernel: [    0.000000]  gran_size: 128M 	chunk_size: 2G 	num_reg: 8  	lose cover RAM: 0G
Sep  9 10:10:28 cu-cs-vm kernel: [    0.000000]  gran_size: 256M 	chunk_size: 256M 	num_reg: 8  	lose cover RAM: 0G
Sep  9 10:10:28 cu-cs-vm kernel: [    0.000000]  gran_size: 256M 	chunk_size: 512M 	num_reg: 8  	lose cover RAM: 0G
Sep  9 10:10:28 cu-cs-vm kernel: [    0.000000]  gran_size: 256M 	chunk_size: 1G 	num_reg: 8  	lose cover RAM: 0G
Sep  9 10:10:28 cu-cs-vm kernel: [    0.000000]  gran_size: 256M 	chunk_size: 2G 	num_reg: 8  	lose cover RAM: 0G
Sep  9 10:10:28 cu-cs-vm kernel: [    0.000000]  gran_size: 512M 	chunk_size: 512M 	num_reg: 8  	lose cover RAM: 0G
Sep  9 10:10:28 cu-cs-vm systemd[1]: Listening on ACPID Listen Socket.
Sep  9 10:10:28 cu-cs-vm kernel: [    0.000000]  gran_size: 512M 	chunk_size: 1G 	num_reg: 8  	lose cover RAM: 0G
Sep  9 10:10:28 cu-cs-vm kernel: [    0.000000]  gran_size: 512M 	chunk_size: 2G 	num_reg: 8  	lose cover RAM: 0G
Sep  9 10:10:28 cu-cs-vm kernel: [    0.000000]  gran_size: 1G 	chunk_size: 1G 	num_reg: 8  	lose cover RAM: 0G
Sep  9 10:10:28 cu-cs-vm kernel: [    0.000000]  gran_size: 1G 	chunk_size: 2G 	num_reg: 8  	lose cover RAM: 0G
Sep  9 10:10:28 cu-cs-vm systemd[1]: Starting Raise network interfaces...
Sep  9 10:10:28 cu-cs-vm kernel: [    0.000000]  gran_size: 2G 	chunk_size: 2G 	num_reg: 7  	lose cover RAM: 1G
Sep  9 10:10:28 cu-cs-vm systemd[1]: Listening on Socket activation for snappy daemon.
Sep  9 10:10:28 cu-cs-vm kernel: [    0.000000] mtrr_cleanup: can not find optimal value
Sep  9 10:10:28 cu-cs-vm systemd[1]: Reached target Sockets.
Sep  9 10:10:28 cu-cs-vm kernel: [    0.000000] please specify mtrr_gran_size/mtrr_chunk_size
Sep  9 10:10:28 cu-cs-vm kernel: [    0.000000] e820: update [mem 0xc0000000-0xffffffff] usable ==> reserved
Sep  9 10:10:28 cu-cs-vm kernel: [    0.000000] e820: last_pfn = 0xc0000 max_arch_pfn = 0x400000000
Sep  9 10:10:28 cu-cs-vm kernel: [    0.000000] found SMP MP-table at [mem 0x000f6a80-0x000f6a8f]
Sep  9 10:10:28 cu-cs-vm kernel: [    0.000000] Scanning 1 areas for low memory corruption
Sep  9 10:10:28 cu-cs-vm systemd[1]: Reached target Basic System.
Sep  9 10:10:28 cu-cs-vm kernel: [    0.000000] Using GB pages for direct mapping
Sep  9 10:10:28 cu-cs-vm kernel: [    0.000000] BRK [0x170b3f000, 0x170b3ffff] PGTABLE
Sep  9 10:10:28 cu-cs-vm kernel: [    0.000000] BRK [0x170b40000, 0x170b40fff] PGTABLE
Sep  9 10:10:28 cu-cs-vm kernel: [    0.000000] BRK [0x170b41000, 0x170b41fff] PGTABLE
Sep  9 10:10:28 cu-cs-vm kernel: [    0.000000] BRK [0x170b42000, 0x170b42fff] PGTABLE
Sep  9 10:10:28 cu-cs-vm kernel: [    0.000000] BRK [0x170b43000, 0x170b43fff] PGTABLE
Sep  9 10:10:28 cu-cs-vm systemd[1]: Starting LSB: Execute the kexec -e command to reboot system...
Sep  9 10:10:28 cu-cs-vm kernel: [    0.000000] BRK [0x170b44000, 0x170b44fff] PGTABLE
Sep  9 10:10:28 cu-cs-vm kernel: [    0.000000] RAMDISK: [mem 0x1ced5000-0x37feffff]
Sep  9 10:10:28 cu-cs-vm kernel: [    0.000000] ACPI: Early table checksum verification disabled
Sep  9 10:10:28 cu-cs-vm systemd[1]: Starting LSB: Speech Dispatcher...
Sep  9 10:10:28 cu-cs-vm kernel: [    0.000000] ACPI: RSDP 0x00000000000F6A10 000024 (v02 PTLTD )
Sep  9 10:10:28 cu-cs-vm kernel: [    0.000000] ACPI: XSDT 0x00000000BFEDB677 000054 (v01 INTEL  440BX    06040000 VMW  01324272)
Sep  9 10:10:28 cu-cs-vm kernel: [    0.000000] ACPI: FACP 0x00000000BFEFEE73 0000F4 (v04 INTEL  440BX    06040000 PTL  000F4240)
Sep  9 10:10:28 cu-cs-vm systemd[1]: Starting Accounts Service...
Sep  9 10:10:28 cu-cs-vm systemd[1]: Starting Avahi mDNS/DNS-SD Stack...
Sep  9 10:10:28 cu-cs-vm systemd[1]: Starting Initialize hardware monitoring sensors...
Sep  9 10:10:28 cu-cs-vm systemd[1]: Started Authentication service for virtual machines hosted on VMware.
Sep  9 10:10:28 cu-cs-vm systemd[1]: Started D-Bus System Message Bus.
Sep  9 10:10:28 cu-cs-vm sensors[726]: No sensors found!
Sep  9 10:10:28 cu-cs-vm sensors[726]: Make sure you loaded all the kernel drivers you need.
Sep  9 10:10:28 cu-cs-vm sensors[726]: Try sensors-detect to find out which these are.
Sep  9 10:10:28 cu-cs-vm VGAuthService[729]: ** Message: Pref_Init: Using '/etc/vmware-tools/vgauth.conf' as preferences filepath
Sep  9 10:10:28 cu-cs-vm VGAuthService[729]: ** Message: Core dump limit set to -1
Sep  9 10:10:28 cu-cs-vm VGAuthService[729]: ** Message: Cannot load message catalog for domain 'VGAuthService', language 'C', catalog dir '.'.
Sep  9 10:10:28 cu-cs-vm VGAuthService[729]: ** Message: INIT SERVICE
Sep  9 10:10:28 cu-cs-vm VGAuthService[729]: ** Message: Using '/var/lib/vmware/VGAuth/aliasStore' for alias store root directory
Sep  9 10:10:28 cu-cs-vm VGAuthService[729]: ** Message: LoadCatalogAndSchema: Using '/etc/vmware-tools/vgauth/schemas' for SAML schemas
Sep  9 10:10:28 cu-cs-vm VGAuthService[729]: ** Message: LoadPrefs: Allowing 300 of clock skew for SAML date validation
Sep  9 10:10:28 cu-cs-vm VGAuthService[729]: ** Message: SAML_Init: Using xmlsec1 1.2.20 for XML signature support
Sep  9 10:10:28 cu-cs-vm VGAuthService[729]: ** Message: ServiceNetworkCreateSocketDir: Created socket directory '/var/run/vmware'
Sep  9 10:10:28 cu-cs-vm VGAuthService[729]: ** Message: BEGIN SERVICE
Sep  9 10:10:28 cu-cs-vm avahi-daemon[724]: Found user 'avahi' (UID 111) and group 'avahi' (GID 120).
Sep  9 10:10:28 cu-cs-vm kernel: [    0.000000] ACPI: DSDT 0x00000000BFEDD5F1 021882 (v01 PTLTD  Custom   06040000 MSFT 03000001)
Sep  9 10:10:28 cu-cs-vm kernel: [    0.000000] ACPI: FACS 0x00000000BFEFFFC0 000040
Sep  9 10:10:28 cu-cs-vm kernel: [    0.000000] ACPI: FACS 0x00000000BFEFFFC0 000040
Sep  9 10:10:28 cu-cs-vm kernel: [    0.000000] ACPI: BOOT 0x00000000BFEDD5C9 000028 (v01 PTLTD  $SBFTBL$ 06040000  LTP 00000001)
Sep  9 10:10:28 cu-cs-vm avahi-daemon[724]: Successfully dropped root privileges.
Sep  9 10:10:28 cu-cs-vm kernel: [    0.000000] ACPI: APIC 0x00000000BFEDC8BD 000742 (v01 PTLTD  ? APIC   06040000  LTP 00000000)
Sep  9 10:10:28 cu-cs-vm kernel: [    0.000000] ACPI: MCFG 0x00000000BFEDC881 00003C (v01 PTLTD  $PCITBL$ 06040000  LTP 00000001)
Sep  9 10:10:28 cu-cs-vm avahi-daemon[724]: avahi-daemon 0.6.32-rc starting up.
Sep  9 10:10:28 cu-cs-vm kernel: [    0.000000] ACPI: SRAT 0x00000000BFEDB72F 0008D0 (v02 VMWARE MEMPLUG  06040000 VMW  00000001)
Sep  9 10:10:28 cu-cs-vm kernel: [    0.000000] ACPI: WAET 0x00000000BFEDB707 000028 (v01 VMWARE VMW WAET 06040000 VMW  00000001)
Sep  9 10:10:28 cu-cs-vm kernel: [    0.000000] ACPI: Local APIC address 0xfee00000
Sep  9 10:10:28 cu-cs-vm kernel: [    0.000000] system APIC only can use physical flat
Sep  9 10:10:28 cu-cs-vm kernel: [    0.000000] Setting APIC routing to physical flat.
Sep  9 10:10:28 cu-cs-vm dbus[730]: [system] AppArmor D-Bus mediation is enabled
Sep  9 10:10:28 cu-cs-vm kernel: [    0.000000] SRAT: PXM 0 -> APIC 0x00 -> Node 0
Sep  9 10:10:28 cu-cs-vm kernel: [    0.000000] SRAT: PXM 0 -> APIC 0x02 -> Node 0
Sep  9 10:10:28 cu-cs-vm avahi-daemon[724]: Successfully called chroot().
Sep  9 10:10:28 cu-cs-vm kernel: [    0.000000] SRAT: PXM 0 -> APIC 0x04 -> Node 0
Sep  9 10:10:28 cu-cs-vm kernel: [    0.000000] SRAT: PXM 0 -> APIC 0x06 -> Node 0
Sep  9 10:10:28 cu-cs-vm kernel: [    0.000000] SRAT: PXM 0 -> APIC 0x08 -> Node 0
Sep  9 10:10:28 cu-cs-vm kernel: [    0.000000] SRAT: PXM 0 -> APIC 0x0a -> Node 0
Sep  9 10:10:28 cu-cs-vm avahi-daemon[724]: Successfully dropped remaining capabilities.
Sep  9 10:10:28 cu-cs-vm kernel: [    0.000000] SRAT: PXM 0 -> APIC 0x0c -> Node 0
Sep  9 10:10:28 cu-cs-vm kernel: [    0.000000] SRAT: PXM 0 -> APIC 0x0e -> Node 0
Sep  9 10:10:28 cu-cs-vm kernel: [    0.000000] SRAT: PXM 0 -> APIC 0x10 -> Node 0
Sep  9 10:10:28 cu-cs-vm kernel: [    0.000000] SRAT: PXM 0 -> APIC 0x12 -> Node 0
Sep  9 10:10:28 cu-cs-vm avahi-daemon[724]: No service file found in /etc/avahi/services.
Sep  9 10:10:28 cu-cs-vm kernel: [    0.000000] SRAT: PXM 0 -> APIC 0x14 -> Node 0
Sep  9 10:10:28 cu-cs-vm kernel: [    0.000000] SRAT: PXM 0 -> APIC 0x16 -> Node 0
Sep  9 10:10:28 cu-cs-vm kernel: [    0.000000] SRAT: PXM 0 -> APIC 0x18 -> Node 0
Sep  9 10:10:28 cu-cs-vm kernel: [    0.000000] SRAT: PXM 0 -> APIC 0x1a -> Node 0
Sep  9 10:10:28 cu-cs-vm kernel: [    0.000000] SRAT: PXM 0 -> APIC 0x1c -> Node 0
Sep  9 10:10:28 cu-cs-vm kernel: [    0.000000] SRAT: PXM 0 -> APIC 0x1e -> Node 0
Sep  9 10:10:28 cu-cs-vm kernel: [    0.000000] SRAT: PXM 0 -> APIC 0x20 -> Node 0
Sep  9 10:10:28 cu-cs-vm avahi-daemon[724]: Network interface enumeration completed.
Sep  9 10:10:28 cu-cs-vm kernel: [    0.000000] SRAT: PXM 0 -> APIC 0x22 -> Node 0
Sep  9 10:10:28 cu-cs-vm kernel: [    0.000000] SRAT: PXM 0 -> APIC 0x24 -> Node 0
Sep  9 10:10:28 cu-cs-vm kernel: [    0.000000] SRAT: PXM 0 -> APIC 0x26 -> Node 0
Sep  9 10:10:28 cu-cs-vm avahi-daemon[724]: Server startup complete. Host name is cu-cs-vm.local. Local service cookie is 2196411644.
Sep  9 10:10:28 cu-cs-vm kernel: [    0.000000] SRAT: PXM 0 -> APIC 0x28 -> Node 0
Sep  9 10:10:28 cu-cs-vm kernel: [    0.000000] SRAT: PXM 0 -> APIC 0x2a -> Node 0
Sep  9 10:10:28 cu-cs-vm kernel: [    0.000000] SRAT: PXM 0 -> APIC 0x2c -> Node 0
Sep  9 10:10:28 cu-cs-vm kernel: [    0.000000] SRAT: PXM 0 -> APIC 0x2e -> Node 0
Sep  9 10:10:28 cu-cs-vm systemd[1]: Started Avahi mDNS/DNS-SD Stack.
Sep  9 10:10:28 cu-cs-vm kernel: [    0.000000] SRAT: PXM 0 -> APIC 0x30 -> Node 0
Sep  9 10:10:28 cu-cs-vm kernel: [    0.000000] SRAT: PXM 0 -> APIC 0x32 -> Node 0
Sep  9 10:10:28 cu-cs-vm kernel: [    0.000000] SRAT: PXM 0 -> APIC 0x34 -> Node 0
Sep  9 10:10:28 cu-cs-vm kernel: [    0.000000] SRAT: PXM 0 -> APIC 0x36 -> Node 0
Sep  9 10:10:28 cu-cs-vm kernel: [    0.000000] SRAT: PXM 0 -> APIC 0x38 -> Node 0
Sep  9 10:10:28 cu-cs-vm kernel: [    0.000000] SRAT: PXM 0 -> APIC 0x3a -> Node 0
Sep  9 10:10:28 cu-cs-vm systemd[1]: Starting LSB: automatic crash report generation...
Sep  9 10:10:28 cu-cs-vm kernel: [    0.000000] SRAT: PXM 0 -> APIC 0x3c -> Node 0
Sep  9 10:10:28 cu-cs-vm kernel: [    0.000000] SRAT: PXM 0 -> APIC 0x3e -> Node 0
Sep  9 10:10:28 cu-cs-vm kernel: [    0.000000] SRAT: PXM 0 -> APIC 0x40 -> Node 0
Sep  9 10:10:28 cu-cs-vm kernel: [    0.000000] SRAT: PXM 0 -> APIC 0x42 -> Node 0
Sep  9 10:10:28 cu-cs-vm kernel: [    0.000000] SRAT: PXM 0 -> APIC 0x44 -> Node 0
Sep  9 10:10:28 cu-cs-vm systemd[1]: Starting Network Manager...
Sep  9 10:10:28 cu-cs-vm kernel: [    0.000000] SRAT: PXM 0 -> APIC 0x46 -> Node 0
Sep  9 10:10:28 cu-cs-vm kernel: [    0.000000] SRAT: PXM 0 -> APIC 0x48 -> Node 0
Sep  9 10:10:28 cu-cs-vm kernel: [    0.000000] SRAT: PXM 0 -> APIC 0x4a -> Node 0
Sep  9 10:10:28 cu-cs-vm kernel: [    0.000000] SRAT: PXM 0 -> APIC 0x4c -> Node 0
Sep  9 10:10:28 cu-cs-vm kernel: [    0.000000] SRAT: PXM 0 -> APIC 0x4e -> Node 0
Sep  9 10:10:28 cu-cs-vm kernel: [    0.000000] SRAT: PXM 0 -> APIC 0x50 -> Node 0
Sep  9 10:10:28 cu-cs-vm systemd[1]: Starting LSB: Set the CPU Frequency Scaling governor to "ondemand"...
Sep  9 10:10:28 cu-cs-vm kernel: [    0.000000] SRAT: PXM 0 -> APIC 0x52 -> Node 0
Sep  9 10:10:28 cu-cs-vm kernel: [    0.000000] SRAT: PXM 0 -> APIC 0x54 -> Node 0
Sep  9 10:10:28 cu-cs-vm kernel: [    0.000000] SRAT: PXM 0 -> APIC 0x56 -> Node 0
Sep  9 10:10:28 cu-cs-vm kernel: [    0.000000] SRAT: PXM 0 -> APIC 0x58 -> Node 0
Sep  9 10:10:28 cu-cs-vm kernel: [    0.000000] SRAT: PXM 0 -> APIC 0x5a -> Node 0
Sep  9 10:10:28 cu-cs-vm kernel: [    0.000000] SRAT: PXM 0 -> APIC 0x5c -> Node 0
Sep  9 10:10:28 cu-cs-vm systemd[1]: Started uptime record daemon.
Sep  9 10:10:28 cu-cs-vm kernel: [    0.000000] SRAT: PXM 0 -> APIC 0x5e -> Node 0
Sep  9 10:10:28 cu-cs-vm kernel: [    0.000000] SRAT: PXM 0 -> APIC 0x60 -> Node 0
Sep  9 10:10:28 cu-cs-vm kernel: [    0.000000] SRAT: PXM 0 -> APIC 0x62 -> Node 0
Sep  9 10:10:28 cu-cs-vm systemd[1]: Started CUPS Scheduler.
Sep  9 10:10:28 cu-cs-vm kernel: [    0.000000] SRAT: PXM 0 -> APIC 0x64 -> Node 0
Sep  9 10:10:28 cu-cs-vm kernel: [    0.000000] SRAT: PXM 0 -> APIC 0x66 -> Node 0
Sep  9 10:10:28 cu-cs-vm kernel: [    0.000000] SRAT: PXM 0 -> APIC 0x68 -> Node 0
Sep  9 10:10:28 cu-cs-vm systemd[1]: Started Make remote CUPS printers available locally.
Sep  9 10:10:28 cu-cs-vm kernel: [    0.000000] SRAT: PXM 0 -> APIC 0x6a -> Node 0
Sep  9 10:10:28 cu-cs-vm kernel: [    0.000000] SRAT: PXM 0 -> APIC 0x6c -> Node 0
Sep  9 10:10:28 cu-cs-vm kernel: [    0.000000] SRAT: PXM 0 -> APIC 0x6e -> Node 0
Sep  9 10:10:28 cu-cs-vm kernel: [    0.000000] SRAT: PXM 0 -> APIC 0x70 -> Node 0
Sep  9 10:10:28 cu-cs-vm kernel: [    0.000000] SRAT: PXM 0 -> APIC 0x72 -> Node 0
Sep  9 10:10:28 cu-cs-vm kernel: [    0.000000] SRAT: PXM 0 -> APIC 0x74 -> Node 0
Sep  9 10:10:28 cu-cs-vm systemd[1]: Starting Detect the available GPUs and deal with any system changes...
Sep  9 10:10:28 cu-cs-vm kernel: [    0.000000] SRAT: PXM 0 -> APIC 0x76 -> Node 0
Sep  9 10:10:28 cu-cs-vm kernel: [    0.000000] SRAT: PXM 0 -> APIC 0x78 -> Node 0
Sep  9 10:10:28 cu-cs-vm kernel: [    0.000000] SRAT: PXM 0 -> APIC 0x7a -> Node 0
Sep  9 10:10:28 cu-cs-vm systemd[1]: Starting System Logging Service...
Sep  9 10:10:28 cu-cs-vm kernel: [    0.000000] SRAT: PXM 0 -> APIC 0x7c -> Node 0
Sep  9 10:10:28 cu-cs-vm kernel: [    0.000000] SRAT: PXM 0 -> APIC 0x7e -> Node 0
Sep  9 10:10:28 cu-cs-vm kernel: [    0.000000] SRAT: PXM 0 -> APIC 0x80 -> Node 0
Sep  9 10:10:28 cu-cs-vm kernel: [    0.000000] SRAT: PXM 0 -> APIC 0x82 -> Node 0
Sep  9 10:10:28 cu-cs-vm kernel: [    0.000000] SRAT: PXM 0 -> APIC 0x84 -> Node 0
Sep  9 10:10:28 cu-cs-vm kernel: [    0.000000] SRAT: PXM 0 -> APIC 0x86 -> Node 0
Sep  9 10:10:28 cu-cs-vm systemd[1]: Starting Thermal Daemon Service...
Sep  9 10:10:28 cu-cs-vm kernel: [    0.000000] SRAT: PXM 0 -> APIC 0x88 -> Node 0
Sep  9 10:10:28 cu-cs-vm kernel: [    0.000000] SRAT: PXM 0 -> APIC 0x8a -> Node 0
Sep  9 10:10:28 cu-cs-vm gpu-manager[754]: /etc/modprobe.d is not a file
Sep  9 10:10:28 cu-cs-vm kernel: [    0.000000] SRAT: PXM 0 -> APIC 0x8c -> Node 0
Sep  9 10:10:28 cu-cs-vm kernel: [    0.000000] SRAT: PXM 0 -> APIC 0x8e -> Node 0
Sep  9 10:10:28 cu-cs-vm kernel: [    0.000000] SRAT: PXM 0 -> APIC 0x90 -> Node 0
Sep  9 10:10:28 cu-cs-vm kernel: [    0.000000] SRAT: PXM 0 -> APIC 0x92 -> Node 0
Sep  9 10:10:28 cu-cs-vm kernel: [    0.000000] SRAT: PXM 0 -> APIC 0x94 -> Node 0
Sep  9 10:10:28 cu-cs-vm kernel: [    0.000000] SRAT: PXM 0 -> APIC 0x96 -> Node 0
Sep  9 10:10:28 cu-cs-vm kernel: [    0.000000] SRAT: PXM 0 -> APIC 0x98 -> Node 0
Sep  9 10:10:28 cu-cs-vm kernel: [    0.000000] SRAT: PXM 0 -> APIC 0x9a -> Node 0
Sep  9 10:10:28 cu-cs-vm kernel: [    0.000000] SRAT: PXM 0 -> APIC 0x9c -> Node 0
Sep  9 10:10:28 cu-cs-vm kernel: [    0.000000] SRAT: PXM 0 -> APIC 0x9e -> Node 0
Sep  9 10:10:28 cu-cs-vm kernel: [    0.000000] SRAT: PXM 0 -> APIC 0xa0 -> Node 0
Sep  9 10:10:28 cu-cs-vm kernel: [    0.000000] SRAT: PXM 0 -> APIC 0xa2 -> Node 0
Sep  9 10:10:28 cu-cs-vm kernel: [    0.000000] SRAT: PXM 0 -> APIC 0xa4 -> Node 0
Sep  9 10:10:28 cu-cs-vm kernel: [    0.000000] SRAT: PXM 0 -> APIC 0xa6 -> Node 0
Sep  9 10:10:28 cu-cs-vm kernel: [    0.000000] SRAT: PXM 0 -> APIC 0xa8 -> Node 0
Sep  9 10:10:28 cu-cs-vm kernel: [    0.000000] SRAT: PXM 0 -> APIC 0xaa -> Node 0
Sep  9 10:10:28 cu-cs-vm kernel: [    0.000000] SRAT: PXM 0 -> APIC 0xac -> Node 0
Sep  9 10:10:28 cu-cs-vm kernel: [    0.000000] SRAT: PXM 0 -> APIC 0xae -> Node 0
Sep  9 10:10:28 cu-cs-vm kernel: [    0.000000] SRAT: PXM 0 -> APIC 0xb0 -> Node 0
Sep  9 10:10:28 cu-cs-vm kernel: [    0.000000] SRAT: PXM 0 -> APIC 0xb2 -> Node 0
Sep  9 10:10:28 cu-cs-vm kernel: [    0.000000] SRAT: PXM 0 -> APIC 0xb4 -> Node 0
Sep  9 10:10:28 cu-cs-vm kernel: [    0.000000] SRAT: PXM 0 -> APIC 0xb6 -> Node 0
Sep  9 10:10:28 cu-cs-vm kernel: [    0.000000] SRAT: PXM 0 -> APIC 0xb8 -> Node 0
Sep  9 10:10:28 cu-cs-vm kernel: [    0.000000] SRAT: PXM 0 -> APIC 0xba -> Node 0
Sep  9 10:10:28 cu-cs-vm kernel: [    0.000000] SRAT: PXM 0 -> APIC 0xbc -> Node 0
Sep  9 10:10:28 cu-cs-vm kernel: [    0.000000] SRAT: PXM 0 -> APIC 0xbe -> Node 0
Sep  9 10:10:28 cu-cs-vm kernel: [    0.000000] SRAT: PXM 0 -> APIC 0xc0 -> Node 0
Sep  9 10:10:28 cu-cs-vm kernel: [    0.000000] SRAT: PXM 0 -> APIC 0xc2 -> Node 0
Sep  9 10:10:28 cu-cs-vm kernel: [    0.000000] SRAT: PXM 0 -> APIC 0xc4 -> Node 0
Sep  9 10:10:28 cu-cs-vm kernel: [    0.000000] SRAT: PXM 0 -> APIC 0xc6 -> Node 0
Sep  9 10:10:28 cu-cs-vm kernel: [    0.000000] SRAT: PXM 0 -> APIC 0xc8 -> Node 0
Sep  9 10:10:28 cu-cs-vm kernel: [    0.000000] SRAT: PXM 0 -> APIC 0xca -> Node 0
Sep  9 10:10:28 cu-cs-vm kernel: [    0.000000] SRAT: PXM 0 -> APIC 0xcc -> Node 0
Sep  9 10:10:28 cu-cs-vm kernel: [    0.000000] SRAT: PXM 0 -> APIC 0xce -> Node 0
Sep  9 10:10:28 cu-cs-vm kernel: [    0.000000] SRAT: PXM 0 -> APIC 0xd0 -> Node 0
Sep  9 10:10:28 cu-cs-vm kernel: [    0.000000] SRAT: PXM 0 -> APIC 0xd2 -> Node 0
Sep  9 10:10:28 cu-cs-vm kernel: [    0.000000] SRAT: PXM 0 -> APIC 0xd4 -> Node 0
Sep  9 10:10:28 cu-cs-vm kernel: [    0.000000] SRAT: PXM 0 -> APIC 0xd6 -> Node 0
Sep  9 10:10:28 cu-cs-vm kernel: [    0.000000] SRAT: PXM 0 -> APIC 0xd8 -> Node 0
Sep  9 10:10:28 cu-cs-vm kernel: [    0.000000] SRAT: PXM 0 -> APIC 0xda -> Node 0
Sep  9 10:10:28 cu-cs-vm kernel: [    0.000000] SRAT: PXM 0 -> APIC 0xdc -> Node 0
Sep  9 10:10:28 cu-cs-vm gpu-manager[754]: message repeated 4 times: [ /etc/modprobe.d is not a file]
Sep  9 10:10:28 cu-cs-vm gpu-manager[754]: Error: can't open /lib/modules/4.15.18rev2/updates/dkms
Sep  9 10:10:28 cu-cs-vm gpu-manager[754]: Error: can't open /lib/modules/4.15.18rev2/updates/dkms
Sep  9 10:10:28 cu-cs-vm systemd[1]: Started Regular background program processing daemon.
Sep  9 10:10:28 cu-cs-vm systemd[1]: Starting LSB: Record successful boot for GRUB...
Sep  9 10:10:28 cu-cs-vm systemd[1]: Starting LSB: daemon to balance interrupts for SMP systems...
Sep  9 10:10:28 cu-cs-vm kernel: [    0.000000] SRAT: PXM 0 -> APIC 0xde -> Node 0
Sep  9 10:10:28 cu-cs-vm systemd[1]: Starting Login Service...
Sep  9 10:10:28 cu-cs-vm kernel: [    0.000000] SRAT: PXM 0 -> APIC 0xe0 -> Node 0
Sep  9 10:10:28 cu-cs-vm kernel: [    0.000000] SRAT: PXM 0 -> APIC 0xe2 -> Node 0
Sep  9 10:10:28 cu-cs-vm kernel: [    0.000000] SRAT: PXM 0 -> APIC 0xe4 -> Node 0
Sep  9 10:10:28 cu-cs-vm kernel: [    0.000000] SRAT: PXM 0 -> APIC 0xe6 -> Node 0
Sep  9 10:10:28 cu-cs-vm kernel: [    0.000000] SRAT: PXM 0 -> APIC 0xe8 -> Node 0
Sep  9 10:10:28 cu-cs-vm systemd[1]: Started Run anacron jobs.
Sep  9 10:10:28 cu-cs-vm kernel: [    0.000000] SRAT: PXM 0 -> APIC 0xea -> Node 0
Sep  9 10:10:28 cu-cs-vm kernel: [    0.000000] SRAT: PXM 0 -> APIC 0xec -> Node 0
Sep  9 10:10:28 cu-cs-vm kernel: [    0.000000] SRAT: PXM 0 -> APIC 0xee -> Node 0
Sep  9 10:10:28 cu-cs-vm kernel: [    0.000000] SRAT: PXM 0 -> APIC 0xf0 -> Node 0
Sep  9 10:10:28 cu-cs-vm kernel: [    0.000000] SRAT: PXM 0 -> APIC 0xf2 -> Node 0
Sep  9 10:10:28 cu-cs-vm kernel: [    0.000000] SRAT: PXM 0 -> APIC 0xf4 -> Node 0
Sep  9 10:10:28 cu-cs-vm systemd[1]: Starting Restore /etc/resolv.conf if the system crashed before the ppp link was shut down...
Sep  9 10:10:28 cu-cs-vm systemd[1]: Starting Permit User Sessions...
Sep  9 10:10:28 cu-cs-vm systemd[1]: Started ACPI event daemon.
Sep  9 10:10:28 cu-cs-vm systemd[1]: Starting Snappy daemon...
Sep  9 10:10:28 cu-cs-vm kernel: [    0.000000] SRAT: PXM 0 -> APIC 0xf6 -> Node 0
Sep  9 10:10:28 cu-cs-vm kernel: [    0.000000] SRAT: PXM 0 -> APIC 0xf8 -> Node 0
Sep  9 10:10:28 cu-cs-vm kernel: [    0.000000] SRAT: PXM 0 -> APIC 0xfa -> Node 0
Sep  9 10:10:28 cu-cs-vm kernel: [    0.000000] SRAT: PXM 0 -> APIC 0xfc -> Node 0
Sep  9 10:10:28 cu-cs-vm kernel: [    0.000000] SRAT: PXM 0 -> APIC 0xfe -> Node 0
Sep  9 10:10:28 cu-cs-vm kernel: [    0.000000] ACPI: SRAT: Node 0 PXM 0 [mem 0x00000000-0x0009ffff]
Sep  9 10:10:28 cu-cs-vm kernel: [    0.000000] ACPI: SRAT: Node 0 PXM 0 [mem 0x00100000-0xbfffffff]
Sep  9 10:10:28 cu-cs-vm kernel: [    0.000000] ACPI: SRAT: Node 0 PXM 0 [mem 0x100000000-0x2bfffffff]
Sep  9 10:10:28 cu-cs-vm kernel: [    0.000000] ACPI: SRAT: Node 0 PXM 0 [mem 0x2c0000000-0x283fffffff] hotplug
Sep  9 10:10:28 cu-cs-vm kernel: [    0.000000] NUMA: Node 0 [mem 0x00000000-0x0009ffff] + [mem 0x00100000-0xbfffffff] -> [mem 0x00000000-0xbfffffff]
Sep  9 10:10:28 cu-cs-vm rsyslogd-2039: Could not open output pipe '/dev/xconsole':: No such file or directory [v8.16.0 try http://www.rsyslog.com/e/2039 ]
Sep  9 10:10:28 cu-cs-vm kernel: [    0.000000] NUMA: Node 0 [mem 0x00000000-0xbfffffff] + [mem 0x100000000-0x2bfffffff] -> [mem 0x00000000-0x2bfffffff]
Sep  9 10:10:28 cu-cs-vm kernel: [    0.000000] NODE_DATA(0) allocated [mem 0x2bffd5000-0x2bfffffff]
Sep  9 10:10:28 cu-cs-vm kernel: [    0.000000] Zone ranges:
Sep  9 10:10:28 cu-cs-vm kernel: [    0.000000]   DMA      [mem 0x0000000000001000-0x0000000000ffffff]
Sep  9 10:10:28 cu-cs-vm kernel: [    0.000000]   DMA32    [mem 0x0000000001000000-0x00000000ffffffff]
Sep  9 10:10:28 cu-cs-vm kernel: [    0.000000]   Normal   [mem 0x0000000100000000-0x00000002bfffffff]
Sep  9 10:10:28 cu-cs-vm kernel: [    0.000000]   Device   empty
Sep  9 10:10:28 cu-cs-vm rsyslogd-2007: action 'action 10' suspended, next retry is Mon Sep  9 10:10:58 2019 [v8.16.0 try http://www.rsyslog.com/e/2007 ]
Sep  9 10:10:28 cu-cs-vm kernel: [    0.000000] Movable zone start for each node
Sep  9 10:10:28 cu-cs-vm kernel: [    0.000000] Early memory node ranges
Sep  9 10:10:28 cu-cs-vm kernel: [    0.000000]   node   0: [mem 0x0000000000001000-0x000000000009dfff]
Sep  9 10:10:28 cu-cs-vm kernel: [    0.000000]   node   0: [mem 0x0000000000100000-0x00000000bfecffff]
Sep  9 10:10:28 cu-cs-vm kernel: [    0.000000]   node   0: [mem 0x00000000bff00000-0x00000000bfffffff]
Sep  9 10:10:28 cu-cs-vm kernel: [    0.000000]   node   0: [mem 0x0000000100000000-0x00000002bfffffff]
Sep  9 10:10:28 cu-cs-vm kernel: [    0.000000] Reserved but unavailable: 99 pages
Sep  9 10:10:28 cu-cs-vm kernel: [    0.000000] Initmem setup node 0 [mem 0x0000000000001000-0x00000002bfffffff]
Sep  9 10:10:28 cu-cs-vm kernel: [    0.000000] On node 0 totalpages: 2621293
Sep  9 10:10:28 cu-cs-vm kernel: [    0.000000]   DMA zone: 64 pages used for memmap
Sep  9 10:10:28 cu-cs-vm kernel: [    0.000000]   DMA zone: 21 pages reserved
Sep  9 10:10:28 cu-cs-vm kernel: [    0.000000]   DMA zone: 3997 pages, LIFO batch:0
Sep  9 10:10:28 cu-cs-vm kernel: [    0.000000]   DMA32 zone: 12224 pages used for memmap
Sep  9 10:10:28 cu-cs-vm kernel: [    0.000000]   DMA32 zone: 782288 pages, LIFO batch:31
Sep  9 10:10:28 cu-cs-vm kernel: [    0.000000]   Normal zone: 28672 pages used for memmap
Sep  9 10:10:28 cu-cs-vm kernel: [    0.000000]   Normal zone: 1835008 pages, LIFO batch:31
Sep  9 10:10:28 cu-cs-vm kernel: [    0.000000] ACPI: PM-Timer IO Port: 0x1008
Sep  9 10:10:28 cu-cs-vm kernel: [    0.000000] ACPI: Local APIC address 0xfee00000
Sep  9 10:10:28 cu-cs-vm kernel: [    0.000000] system APIC only can use physical flat
Sep  9 10:10:28 cu-cs-vm kernel: [    0.000000] ACPI: LAPIC_NMI (acpi_id[0x00] high edge lint[0x1])
Sep  9 10:10:28 cu-cs-vm kernel: [    0.000000] ACPI: LAPIC_NMI (acpi_id[0x01] high edge lint[0x1])
Sep  9 10:10:28 cu-cs-vm kernel: [    0.000000] ACPI: LAPIC_NMI (acpi_id[0x02] high edge lint[0x1])
Sep  9 10:10:28 cu-cs-vm kernel: [    0.000000] ACPI: LAPIC_NMI (acpi_id[0x03] high edge lint[0x1])
Sep  9 10:10:28 cu-cs-vm kernel: [    0.000000] ACPI: LAPIC_NMI (acpi_id[0x04] high edge lint[0x1])
Sep  9 10:10:28 cu-cs-vm kernel: [    0.000000] ACPI: LAPIC_NMI (acpi_id[0x05] high edge lint[0x1])
Sep  9 10:10:28 cu-cs-vm kernel: [    0.000000] ACPI: LAPIC_NMI (acpi_id[0x06] high edge lint[0x1])
Sep  9 10:10:28 cu-cs-vm kernel: [    0.000000] ACPI: LAPIC_NMI (acpi_id[0x07] high edge lint[0x1])
Sep  9 10:10:28 cu-cs-vm kernel: [    0.000000] ACPI: LAPIC_NMI (acpi_id[0x08] high edge lint[0x1])
Sep  9 10:10:28 cu-cs-vm kernel: [    0.000000] ACPI: LAPIC_NMI (acpi_id[0x09] high edge lint[0x1])
Sep  9 10:10:28 cu-cs-vm kernel: [    0.000000] ACPI: LAPIC_NMI (acpi_id[0x0a] high edge lint[0x1])
Sep  9 10:10:28 cu-cs-vm kernel: [    0.000000] ACPI: LAPIC_NMI (acpi_id[0x0b] high edge lint[0x1])
Sep  9 10:10:28 cu-cs-vm kernel: [    0.000000] ACPI: LAPIC_NMI (acpi_id[0x0c] high edge lint[0x1])
Sep  9 10:10:28 cu-cs-vm kernel: [    0.000000] ACPI: LAPIC_NMI (acpi_id[0x0d] high edge lint[0x1])
Sep  9 10:10:28 cu-cs-vm kernel: [    0.000000] ACPI: LAPIC_NMI (acpi_id[0x0e] high edge lint[0x1])
Sep  9 10:10:28 cu-cs-vm kernel: [    0.000000] ACPI: LAPIC_NMI (acpi_id[0x0f] high edge lint[0x1])
Sep  9 10:10:28 cu-cs-vm kernel: [    0.000000] ACPI: LAPIC_NMI (acpi_id[0x10] high edge lint[0x1])
Sep  9 10:10:28 cu-cs-vm kernel: [    0.000000] ACPI: LAPIC_NMI (acpi_id[0x11] high edge lint[0x1])
